Archive member included to satisfy reference by file (symbol)

/Users/a81802/.pico-sdk/toolchain/14_2_Rel1/bin/../lib/gcc/arm-none-eabi/14.2.1/thumb/v6-m/nofp/libgcc.a(_dvmd_tls.o)
                              CMakeFiles/main.dir/Users/a81802/.pico-sdk/sdk/2.2.0/src/rp2_common/pico_divider/divider_hardware.S.o (__aeabi_idiv0)
/Users/a81802/.pico-sdk/toolchain/14_2_Rel1/bin/../lib/gcc/arm-none-eabi/14.2.1/../../../../arm-none-eabi/lib/thumb/v6-m/nofp/libg.a(libc_a-calloc.o)
                              CMakeFiles/main.dir/Users/a81802/.pico-sdk/sdk/2.2.0/src/rp2_common/pico_malloc/malloc.c.o (calloc)
/Users/a81802/.pico-sdk/toolchain/14_2_Rel1/bin/../lib/gcc/arm-none-eabi/14.2.1/../../../../arm-none-eabi/lib/thumb/v6-m/nofp/libg.a(libc_a-callocr.o)
                              /Users/a81802/.pico-sdk/toolchain/14_2_Rel1/bin/../lib/gcc/arm-none-eabi/14.2.1/../../../../arm-none-eabi/lib/thumb/v6-m/nofp/libg.a(libc_a-calloc.o) (_calloc_r)
/Users/a81802/.pico-sdk/toolchain/14_2_Rel1/bin/../lib/gcc/arm-none-eabi/14.2.1/../../../../arm-none-eabi/lib/thumb/v6-m/nofp/libg.a(libc_a-malloc.o)
                              CMakeFiles/main.dir/Users/a81802/.pico-sdk/sdk/2.2.0/src/rp2_common/pico_malloc/malloc.c.o (malloc)
/Users/a81802/.pico-sdk/toolchain/14_2_Rel1/bin/../lib/gcc/arm-none-eabi/14.2.1/../../../../arm-none-eabi/lib/thumb/v6-m/nofp/libg.a(libc_a-mallocr.o)
                              /Users/a81802/.pico-sdk/toolchain/14_2_Rel1/bin/../lib/gcc/arm-none-eabi/14.2.1/../../../../arm-none-eabi/lib/thumb/v6-m/nofp/libg.a(libc_a-callocr.o) (_malloc_r)
/Users/a81802/.pico-sdk/toolchain/14_2_Rel1/bin/../lib/gcc/arm-none-eabi/14.2.1/../../../../arm-none-eabi/lib/thumb/v6-m/nofp/libg.a(libc_a-mlock.o)
                              /Users/a81802/.pico-sdk/toolchain/14_2_Rel1/bin/../lib/gcc/arm-none-eabi/14.2.1/../../../../arm-none-eabi/lib/thumb/v6-m/nofp/libg.a(libc_a-mallocr.o) (__malloc_lock)
/Users/a81802/.pico-sdk/toolchain/14_2_Rel1/bin/../lib/gcc/arm-none-eabi/14.2.1/../../../../arm-none-eabi/lib/thumb/v6-m/nofp/libg.a(libc_a-realloc.o)
                              CMakeFiles/main.dir/Users/a81802/.pico-sdk/sdk/2.2.0/src/rp2_common/pico_malloc/malloc.c.o (realloc)
/Users/a81802/.pico-sdk/toolchain/14_2_Rel1/bin/../lib/gcc/arm-none-eabi/14.2.1/../../../../arm-none-eabi/lib/thumb/v6-m/nofp/libg.a(libc_a-reallocr.o)
                              /Users/a81802/.pico-sdk/toolchain/14_2_Rel1/bin/../lib/gcc/arm-none-eabi/14.2.1/../../../../arm-none-eabi/lib/thumb/v6-m/nofp/libg.a(libc_a-realloc.o) (_realloc_r)
/Users/a81802/.pico-sdk/toolchain/14_2_Rel1/bin/../lib/gcc/arm-none-eabi/14.2.1/../../../../arm-none-eabi/lib/thumb/v6-m/nofp/libg.a(libc_a-memcmp.o)
                              CMakeFiles/main.dir/Users/a81802/.pico-sdk/sdk/2.2.0/src/rp2_common/pico_atomic/atomic.c.o (memcmp)
/Users/a81802/.pico-sdk/toolchain/14_2_Rel1/bin/../lib/gcc/arm-none-eabi/14.2.1/../../../../arm-none-eabi/lib/thumb/v6-m/nofp/libg.a(libc_a-memmove.o)
                              /Users/a81802/.pico-sdk/toolchain/14_2_Rel1/bin/../lib/gcc/arm-none-eabi/14.2.1/../../../../arm-none-eabi/lib/thumb/v6-m/nofp/libg.a(libc_a-reallocr.o) (memmove)
/Users/a81802/.pico-sdk/toolchain/14_2_Rel1/bin/../lib/gcc/arm-none-eabi/14.2.1/../../../../arm-none-eabi/lib/thumb/v6-m/nofp/libg.a(libc_a-lcltime_r.o)
                              CMakeFiles/main.dir/Users/a81802/.pico-sdk/sdk/2.2.0/src/common/pico_util/datetime.c.o (localtime_r)
/Users/a81802/.pico-sdk/toolchain/14_2_Rel1/bin/../lib/gcc/arm-none-eabi/14.2.1/../../../../arm-none-eabi/lib/thumb/v6-m/nofp/libg.a(libc_a-mktime.o)
                              CMakeFiles/main.dir/Users/a81802/.pico-sdk/sdk/2.2.0/src/common/pico_util/datetime.c.o (mktime)
/Users/a81802/.pico-sdk/toolchain/14_2_Rel1/bin/../lib/gcc/arm-none-eabi/14.2.1/../../../../arm-none-eabi/lib/thumb/v6-m/nofp/libg.a(libc_a-month_lengths.o)
                              /Users/a81802/.pico-sdk/toolchain/14_2_Rel1/bin/../lib/gcc/arm-none-eabi/14.2.1/../../../../arm-none-eabi/lib/thumb/v6-m/nofp/libg.a(libc_a-lcltime_r.o) (__month_lengths)
/Users/a81802/.pico-sdk/toolchain/14_2_Rel1/bin/../lib/gcc/arm-none-eabi/14.2.1/../../../../arm-none-eabi/lib/thumb/v6-m/nofp/libg.a(libc_a-tzcalc_limits.o)
                              /Users/a81802/.pico-sdk/toolchain/14_2_Rel1/bin/../lib/gcc/arm-none-eabi/14.2.1/../../../../arm-none-eabi/lib/thumb/v6-m/nofp/libg.a(libc_a-lcltime_r.o) (__tzcalc_limits)
/Users/a81802/.pico-sdk/toolchain/14_2_Rel1/bin/../lib/gcc/arm-none-eabi/14.2.1/../../../../arm-none-eabi/lib/thumb/v6-m/nofp/libg.a(libc_a-tzlock.o)
                              /Users/a81802/.pico-sdk/toolchain/14_2_Rel1/bin/../lib/gcc/arm-none-eabi/14.2.1/../../../../arm-none-eabi/lib/thumb/v6-m/nofp/libg.a(libc_a-lcltime_r.o) (__tz_lock)
/Users/a81802/.pico-sdk/toolchain/14_2_Rel1/bin/../lib/gcc/arm-none-eabi/14.2.1/../../../../arm-none-eabi/lib/thumb/v6-m/nofp/libg.a(libc_a-tzset.o)
[...]
Memory Configuration

Name             Origin             Length             Attributes
FLASH            0x10000000         0x00200000         xr
RAM              0x20000000         0x00040000         xrw
SCRATCH_X        0x20040000         0x00001000         xrw
SCRATCH_Y        0x20041000         0x00001000         xrw
*default*        0x00000000         0xffffffff

Linker script and memory map

LOAD /Users/a81802/.pico-sdk/toolchain/14_2_Rel1/bin/../lib/gcc/arm-none-eabi/14.2.1/thumb/v6-m/nofp/crti.o
LOAD /Users/a81802/.pico-sdk/toolchain/14_2_Rel1/bin/../lib/gcc/arm-none-eabi/14.2.1/thumb/v6-m/nofp/crtbegin.o
LOAD /Users/a81802/.pico-sdk/toolchain/14_2_Rel1/bin/../lib/gcc/arm-none-eabi/14.2.1/../../../../arm-none-eabi/lib/thumb/v6-m/nofp/crt0.o

.flash_begin    0x10000000        0x0
                0x10000000                        __flash_binary_start = .

.boot2          0x10000000      0x100
                0x10000000                        __boot2_start__ = .
 *(.boot2)
 .boot2         0x10000000      0x100 pico-sdk/src/rp2040/boot_stage2/CMakeFiles/bs2_default_library.dir/./bs2_default_padded_checksummed.S.o
                0x10000100                        __boot2_end__ = .
                0x00000001                        ASSERT (((__boot2_end__ - __boot2_start__) == 0x100), ERROR: Pico second stage bootloader must be 256 bytes in size)

.text           0x10000100     0x7930
                0x10000100                        __logical_binary_start = .
 *(.vectors)
 .vectors       0x10000100       0xd4 CMakeFiles/main.dir/Users/a81802/.pico-sdk/sdk/2.2.0/src/rp2_common/pico_crt0/crt0.S.o
                0x10000100                __VECTOR_TABLE
                0x10000100                __vectors
                0x100001c0                isr_irq13
                0x100001c0                isr_irq27
                0x100001c0                isr_irq31
                0x100001c0                isr_irq5
                0x100001c0                isr_irq11
                0x100001c0                isr_irq23
                0x100001c0                isr_irq18
                0x100001c0                isr_irq9
                0x100001c0                __unhandled_user_irq
                0x100001c0                isr_irq25
                0x100001c0                isr_irq4
                0x100001c0                isr_irq16
                0x100001c0                isr_irq29
                0x100001c0                isr_irq26
                0x100001c0                isr_irq3
                0x100001c0                isr_irq12
                0x100001c0                isr_irq30
                0x100001c0                isr_irq28
                0x100001c0                isr_irq19
                0x100001c0                isr_irq0
                0x100001c0                isr_irq6
                0x100001c0                isr_irq22
                0x100001c0                isr_irq17
                0x100001c0                isr_irq14
                0x100001c0                __vectors_end
                0x100001c0                __default_isrs_start
                0x100001c0                isr_irq2
                0x100001c0                isr_irq10
                0x100001c0                isr_irq8
                0x100001c0                isr_irq24
                0x100001c0                isr_irq1
                0x100001c0                isr_irq7
                0x100001c0                isr_irq21
                0x100001c0                isr_irq20
                0x100001c0                isr_irq15
                0x100001c6                unhandled_user_irq_num_in_r0
                0x100001c8                isr_invalid
                0x100001ca                isr_nmi
                0x100001cc                isr_hardfault
                0x100001ce                isr_svcall
                0x100001d0                isr_pendsv
                0x100001d2                isr_systick
                0x100001d4                __default_isrs_end
 *(.binary_info_header)
 .binary_info_header
                0x100001d4       0x14 CMakeFiles/main.dir/Users/a81802/.pico-sdk/sdk/2.2.0/src/rp2_common/pico_crt0/crt0.S.o
                0x100001e8                        __binary_info_header_end = .
 *(.embedded_block)
                0x100001e8                        __embedded_block_end = .
 *(.reset)
 .reset         0x100001e8       0x9c CMakeFiles/main.dir/Users/a81802/.pico-sdk/sdk/2.2.0/src/rp2_common/pico_crt0/crt0.S.o
                0x100001e8                _entry_point
 *(.init)
 .init          0x10000284        0x4 /Users/a81802/.pico-sdk/toolchain/14_2_Rel1/bin/../lib/gcc/arm-none-eabi/14.2.1/thumb/v6-m/nofp/crti.o
                0x10000284                _init
 *(EXCLUDE_FILE(*libm.a: *libc.a:*lib_a-mem*.o *libgcc.a:) .text*)
 .text.register_tm_clones
                0x10000288       0x28 /Users/a81802/.pico-sdk/toolchain/14_2_Rel1/bin/../lib/gcc/arm-none-eabi/14.2.1/thumb/v6-m/nofp/crtbegin.o
 .text.frame_dummy
                0x100002b0       0x24 /Users/a81802/.pico-sdk/toolchain/14_2_Rel1/bin/../lib/gcc/arm-none-eabi/14.2.1/thumb/v6-m/nofp/crtbegin.o
 .text.main     0x100002d4      0x2b8 CMakeFiles/main.dir/main.cpp.o
                0x100002d4                main
 .text.gpio_set_mask
                0x1000058c       0x18 CMakeFiles/main.dir/adc.cpp.o
 .text.gpio_clr_mask
                0x100005a4       0x18 CMakeFiles/main.dir/adc.cpp.o
 .text.gpio_put
                0x100005bc       0x3a CMakeFiles/main.dir/adc.cpp.o
 .text.gpio_set_dir_out_masked
                0x100005f6       0x18 CMakeFiles/main.dir/adc.cpp.o
 .text.gpio_set_dir_in_masked
                0x1000060e       0x18 CMakeFiles/main.dir/adc.cpp.o
 .text.gpio_set_dir
                0x10000626       0x3a CMakeFiles/main.dir/adc.cpp.o
 .text._Z19photoreflector_initv
                0x10000660       0x54 CMakeFiles/main.dir/adc.cpp.o
                0x10000660                photoreflector_init()
 .text._Z10diode_readh
                0x100006b4       0x8c CMakeFiles/main.dir/adc.cpp.o
                0x100006b4                diode_read(unsigned char)
 .text._Z19photoreflector_readPt
                0x10000740       0x4a CMakeFiles/main.dir/adc.cpp.o
                0x10000740                photoreflector_read(unsigned short*)
 .text._Z15photodiode_readPt
                0x1000078a       0x1e CMakeFiles/main.dir/adc.cpp.o
                0x1000078a                photodiode_read(unsigned short*)
 .text._ZL13i2c_write_reghh
                0x100007a8       0x54 CMakeFiles/main.dir/accel.cpp.o
 .text._ZL13i2c_read_regshPhi
                0x100007fc       0x64 CMakeFiles/main.dir/accel.cpp.o
 .text._Z14probe_who_am_iPh
                0x10000860       0x80 CMakeFiles/main.dir/accel.cpp.o
                0x10000860                probe_who_am_i(unsigned char*)
 .text._Z13icm42688_initv
                0x100008e0       0x78 CMakeFiles/main.dir/accel.cpp.o
                0x100008e0                icm42688_init()
 .text._Z21read_accel_gyro_burstPsS_S_S_S_S_
                0x10000958       0xca CMakeFiles/main.dir/accel.cpp.o
                0x10000958                read_accel_gyro_burst(short*, short*, short*, short*, short*, short*)
 *fill*         0x10000a22        0x2 
 .text._Z8i2c_scanv
                0x10000a24       0xa4 CMakeFiles/main.dir/accel.cpp.o
                0x10000a24                i2c_scan()
 .text.check_gpio_param
                0x10000ac8       0x10 CMakeFiles/main.dir/Users/a81802/.pico-sdk/sdk/2.2.0/src/rp2_common/hardware_gpio/gpio.c.o
 .text.gpio_set_mask
                0x10000ad8       0x18 CMakeFiles/main.dir/Users/a81802/.pico-sdk/sdk/2.2.0/src/rp2_common/hardware_gpio/gpio.c.o
 .text.gpio_clr_mask
                0x10000af0       0x18 CMakeFiles/main.dir/Users/a81802/.pico-sdk/sdk/2.2.0/src/rp2_common/hardware_gpio/gpio.c.o
 .text.gpio_put
                0x10000b08       0x3a CMakeFiles/main.dir/Users/a81802/.pico-sdk/sdk/2.2.0/src/rp2_common/hardware_gpio/gpio.c.o
 .text.gpio_set_dir_out_masked
                0x10000b42       0x18 CMakeFiles/main.dir/Users/a81802/.pico-sdk/sdk/2.2.0/src/rp2_common/hardware_gpio/gpio.c.o
 .text.gpio_set_dir_in_masked
                0x10000b5a       0x18 CMakeFiles/main.dir/Users/a81802/.pico-sdk/sdk/2.2.0/src/rp2_common/hardware_gpio/gpio.c.o
 .text.gpio_set_dir
                0x10000b72       0x3a CMakeFiles/main.dir/Users/a81802/.pico-sdk/sdk/2.2.0/src/rp2_common/hardware_gpio/gpio.c.o
 .text.gpio_set_function
                0x10000bac       0x70 CMakeFiles/main.dir/Users/a81802/.pico-sdk/sdk/2.2.0/src/rp2_common/hardware_gpio/gpio.c.o
                0x10000bac                gpio_set_function
 .text.gpio_init
                0x10000c1c       0x2e CMakeFiles/main.dir/Users/a81802/.pico-sdk/sdk/2.2.0/src/rp2_common/hardware_gpio/gpio.c.o
                0x10000c1c                gpio_init
 *fill*         0x10000c4a        0x2 
 .text.panic    0x10000c4c       0x40 CMakeFiles/main.dir/Users/a81802/.pico-sdk/sdk/2.2.0/src/rp2_common/pico_platform_panic/panic.c.o
                0x10000c4c                panic
 .text.hw_claim_lock
                0x10000c8c       0x50 CMakeFiles/main.dir/Users/a81802/.pico-sdk/sdk/2.2.0/src/common/hardware_claim/claim.c.o
                0x10000c8c                hw_claim_lock
 .text.hw_claim_unlock
                0x10000cdc       0x4c CMakeFiles/main.dir/Users/a81802/.pico-sdk/sdk/2.2.0/src/common/hardware_claim/claim.c.o
                0x10000cdc                hw_claim_unlock
 .text.hw_is_claimed
                0x10000d28       0x32 CMakeFiles/main.dir/Users/a81802/.pico-sdk/sdk/2.2.0/src/common/hardware_claim/claim.c.o
                0x10000d28                hw_is_claimed
 .text.hw_claim_or_assert
                0x10000d5a       0x66 CMakeFiles/main.dir/Users/a81802/.pico-sdk/sdk/2.2.0/src/common/hardware_claim/claim.c.o
                0x10000d5a                hw_claim_or_assert
 .text.next_striped_spin_lock_num
                0x10000dc0       0x30 CMakeFiles/main.dir/Users/a81802/.pico-sdk/sdk/2.2.0/src/rp2_common/hardware_sync/sync.c.o
                0x10000dc0                next_striped_spin_lock_num
 .text.spin_locks_reset
                0x10000df0       0x48 CMakeFiles/main.dir/Users/a81802/.pico-sdk/sdk/2.2.0/src/rp2_common/hardware_sync_spin_lock/sync_spin_lock.c.o
                0x10000df0                spin_locks_reset
 .text.check_irq_param
                0x10000e38       0x10 CMakeFiles/main.dir/Users/a81802/.pico-sdk/sdk/2.2.0/src/rp2_common/hardware_irq/irq.c.o
 .text.get_vtable
                0x10000e48       0x14 CMakeFiles/main.dir/Users/a81802/.pico-sdk/sdk/2.2.0/src/rp2_common/hardware_irq/irq.c.o
 .text.add_thumb_bit
                0x10000e5c       0x16 CMakeFiles/main.dir/Users/a81802/.pico-sdk/sdk/2.2.0/src/rp2_common/hardware_irq/irq.c.o
 .text.remove_thumb_bit
                0x10000e72       0x16 CMakeFiles/main.dir/Users/a81802/.pico-sdk/sdk/2.2.0/src/rp2_common/hardware_irq/irq.c.o
 .text.irq_set_enabled
                0x10000e88       0x38 CMakeFiles/main.dir/Users/a81802/.pico-sdk/sdk/2.2.0/src/rp2_common/hardware_irq/irq.c.o
                0x10000e88                irq_set_enabled
 .text.irq_is_enabled
                0x10000ec0       0x30 CMakeFiles/main.dir/Users/a81802/.pico-sdk/sdk/2.2.0/src/rp2_common/hardware_irq/irq.c.o
                0x10000ec0                irq_is_enabled
 .text.irq_set_mask_n_enabled_internal
                0x10000ef0       0x3c CMakeFiles/main.dir/Users/a81802/.pico-sdk/sdk/2.2.0/src/rp2_common/hardware_irq/irq.c.o
 .text.irq_set_mask_n_enabled
                0x10000f2c       0x24 CMakeFiles/main.dir/Users/a81802/.pico-sdk/sdk/2.2.0/src/rp2_common/hardware_irq/irq.c.o
                0x10000f2c                irq_set_mask_n_enabled
 .text.is_shared_irq_raw_handler
                0x10000f50       0x24 CMakeFiles/main.dir/Users/a81802/.pico-sdk/sdk/2.2.0/src/rp2_common/hardware_irq/irq.c.o
 .text.set_raw_irq_handler_and_unlock
                0x10000f74       0x68 CMakeFiles/main.dir/Users/a81802/.pico-sdk/sdk/2.2.0/src/rp2_common/hardware_irq/irq.c.o
 .text.irq_get_vtable_handler
                0x10000fdc       0x28 CMakeFiles/main.dir/Users/a81802/.pico-sdk/sdk/2.2.0/src/rp2_common/hardware_irq/irq.c.o
                0x10000fdc                irq_get_vtable_handler
 .text.irq_set_exclusive_handler
                0x10001004       0xa8 CMakeFiles/main.dir/Users/a81802/.pico-sdk/sdk/2.2.0/src/rp2_common/hardware_irq/irq.c.o
                0x10001004                irq_set_exclusive_handler
 .text.make_j_16
                0x100010ac       0x78 CMakeFiles/main.dir/Users/a81802/.pico-sdk/sdk/2.2.0/src/rp2_common/hardware_irq/irq.c.o
 .text.insert_bl_32
                0x10001124       0x74 CMakeFiles/main.dir/Users/a81802/.pico-sdk/sdk/2.2.0/src/rp2_common/hardware_irq/irq.c.o
 .text.resolve_j_16
                0x10001198       0x5c CMakeFiles/main.dir/Users/a81802/.pico-sdk/sdk/2.2.0/src/rp2_common/hardware_irq/irq.c.o
 .text.slot_diff
                0x100011f4       0x30 CMakeFiles/main.dir/Users/a81802/.pico-sdk/sdk/2.2.0/src/rp2_common/hardware_irq/irq.c.o
 .text.get_slot_index
                0x10001224       0x24 CMakeFiles/main.dir/Users/a81802/.pico-sdk/sdk/2.2.0/src/rp2_common/hardware_irq/irq.c.o
 .text.handler_from_slot
                0x10001248       0x14 CMakeFiles/main.dir/Users/a81802/.pico-sdk/sdk/2.2.0/src/rp2_common/hardware_irq/irq.c.o
 .text.irq_remove_handler
                0x1000125c      0x25c CMakeFiles/main.dir/Users/a81802/.pico-sdk/sdk/2.2.0/src/rp2_common/hardware_irq/irq.c.o
                0x1000125c                irq_remove_handler
 .text.nvic_ipr0
                0x100014b8       0x10 CMakeFiles/main.dir/Users/a81802/.pico-sdk/sdk/2.2.0/src/rp2_common/hardware_irq/irq.c.o
 .text.irq_add_tail_to_free_list
                0x100014c8      0x1c0 CMakeFiles/main.dir/Users/a81802/.pico-sdk/sdk/2.2.0/src/rp2_common/hardware_irq/irq.c.o
                0x100014c8                irq_add_tail_to_free_list
 .text.runtime_init_per_core_irq_priorities
                0x10001688       0x3c CMakeFiles/main.dir/Users/a81802/.pico-sdk/sdk/2.2.0/src/rp2_common/hardware_irq/irq.c.o
                0x10001688                runtime_init_per_core_irq_priorities
 .text.lock_init
                0x100016c4       0x2c CMakeFiles/main.dir/Users/a81802/.pico-sdk/sdk/2.2.0/src/common/pico_sync/lock_core.c.o
                0x100016c4                lock_init
 .text.runtime_init_mutex
                0x100016f0       0x74 CMakeFiles/main.dir/Users/a81802/.pico-sdk/sdk/2.2.0/src/common/pico_sync/mutex.c.o
                0x100016f0                runtime_init_mutex
 .text.mutex_init
                0x10001764       0x2e CMakeFiles/main.dir/Users/a81802/.pico-sdk/sdk/2.2.0/src/common/pico_sync/mutex.c.o
                0x10001764                mutex_init
 .text.recursive_mutex_init
                0x10001792       0x34 CMakeFiles/main.dir/Users/a81802/.pico-sdk/sdk/2.2.0/src/common/pico_sync/mutex.c.o
                0x10001792                recursive_mutex_init
 .text.to_us_since_boot
                0x100017c6       0x18 CMakeFiles/main.dir/Users/a81802/.pico-sdk/sdk/2.2.0/src/common/pico_time/time.c.o
 .text.update_us_since_boot
                0x100017de       0x1e CMakeFiles/main.dir/Users/a81802/.pico-sdk/sdk/2.2.0/src/common/pico_time/time.c.o
 .text.check_hardware_alarm_num_param
                0x100017fc       0x10 CMakeFiles/main.dir/Users/a81802/.pico-sdk/sdk/2.2.0/src/common/pico_time/time.c.o
 .text.timer_time_us_32
                0x1000180c       0x14 CMakeFiles/main.dir/Users/a81802/.pico-sdk/sdk/2.2.0/src/common/pico_time/time.c.o
 .text.timer_time_reached
                0x10001820       0x62 CMakeFiles/main.dir/Users/a81802/.pico-sdk/sdk/2.2.0/src/common/pico_time/time.c.o
 *fill*         0x10001882        0x2 
 .text.time_reached
                0x10001884       0x24 CMakeFiles/main.dir/Users/a81802/.pico-sdk/sdk/2.2.0/src/common/pico_time/time.c.o
 .text.timer_hardware_alarm_get_irq_num
                0x100018a8       0x1c CMakeFiles/main.dir/Users/a81802/.pico-sdk/sdk/2.2.0/src/common/pico_time/time.c.o
 .text.timer_get_index
                0x100018c4       0x12 CMakeFiles/main.dir/Users/a81802/.pico-sdk/sdk/2.2.0/src/common/pico_time/time.c.o
 *fill*         0x100018d6        0x2 
 .text.timer_get_instance
                0x100018d8       0x18 CMakeFiles/main.dir/Users/a81802/.pico-sdk/sdk/2.2.0/src/common/pico_time/time.c.o
 .text.get_absolute_time
                0x100018f0       0x24 CMakeFiles/main.dir/Users/a81802/.pico-sdk/sdk/2.2.0/src/common/pico_time/time.c.o
 .text.delayed_by_us
                0x10001914       0x64 CMakeFiles/main.dir/Users/a81802/.pico-sdk/sdk/2.2.0/src/common/pico_time/time.c.o
 .text.make_timeout_time_us
                0x10001978       0x24 CMakeFiles/main.dir/Users/a81802/.pico-sdk/sdk/2.2.0/src/common/pico_time/time.c.o
 .text.absolute_time_diff_us
                0x1000199c       0x40 CMakeFiles/main.dir/Users/a81802/.pico-sdk/sdk/2.2.0/src/common/pico_time/time.c.o
 .text.add_alarm_at
                0x100019dc       0x34 CMakeFiles/main.dir/Users/a81802/.pico-sdk/sdk/2.2.0/src/common/pico_time/time.c.o
 .text.cancel_alarm
                0x10001a10       0x22 CMakeFiles/main.dir/Users/a81802/.pico-sdk/sdk/2.2.0/src/common/pico_time/time.c.o
 *fill*         0x10001a32        0x2 
 .text.default_alarm_pool_initialized
                0x10001a34       0x18 CMakeFiles/main.dir/Users/a81802/.pico-sdk/sdk/2.2.0/src/common/pico_time/time.c.o
 .text.ta_force_irq
                0x10001a4c       0x34 CMakeFiles/main.dir/Users/a81802/.pico-sdk/sdk/2.2.0/src/common/pico_time/time.c.o
 .text.ta_clear_force_irq
                0x10001a80       0x34 CMakeFiles/main.dir/Users/a81802/.pico-sdk/sdk/2.2.0/src/common/pico_time/time.c.o
 .text.ta_clear_irq
                0x10001ab4       0x1c CMakeFiles/main.dir/Users/a81802/.pico-sdk/sdk/2.2.0/src/common/pico_time/time.c.o
 .text.ta_from_current_irq
                0x10001ad0       0x36 CMakeFiles/main.dir/Users/a81802/.pico-sdk/sdk/2.2.0/src/common/pico_time/time.c.o
 .text.ta_set_timeout
                0x10001b06       0x5e CMakeFiles/main.dir/Users/a81802/.pico-sdk/sdk/2.2.0/src/common/pico_time/time.c.o
 .text.ta_wakes_up_on_or_before
                0x10001b64       0x6e CMakeFiles/main.dir/Users/a81802/.pico-sdk/sdk/2.2.0/src/common/pico_time/time.c.o
 .text.ta_time_us_64
                0x10001bd2       0x1e CMakeFiles/main.dir/Users/a81802/.pico-sdk/sdk/2.2.0/src/common/pico_time/time.c.o
 .text.ta_enable_irq_handler
                0x10001bf0       0x66 CMakeFiles/main.dir/Users/a81802/.pico-sdk/sdk/2.2.0/src/common/pico_time/time.c.o
 .text.ta_hardware_alarm_claim
                0x10001c56       0x1e CMakeFiles/main.dir/Users/a81802/.pico-sdk/sdk/2.2.0/src/common/pico_time/time.c.o
 .text.ta_timer_num
                0x10001c74       0x1a CMakeFiles/main.dir/Users/a81802/.pico-sdk/sdk/2.2.0/src/common/pico_time/time.c.o
 *fill*         0x10001c8e        0x2 
 .text.ta_default_timer_instance
                0x10001c90       0x10 CMakeFiles/main.dir/Users/a81802/.pico-sdk/sdk/2.2.0/src/common/pico_time/time.c.o
 .text.alarm_index
                0x10001ca0       0x16 CMakeFiles/main.dir/Users/a81802/.pico-sdk/sdk/2.2.0/src/common/pico_time/time.c.o
 .text.alarm_sequence
                0x10001cb6       0x14 CMakeFiles/main.dir/Users/a81802/.pico-sdk/sdk/2.2.0/src/common/pico_time/time.c.o
 .text.make_alarm_id
                0x10001cca       0x20 CMakeFiles/main.dir/Users/a81802/.pico-sdk/sdk/2.2.0/src/common/pico_time/time.c.o
 *fill*         0x10001cea        0x2 
 .text.runtime_init_default_alarm_pool
                0x10001cec       0x50 CMakeFiles/main.dir/Users/a81802/.pico-sdk/sdk/2.2.0/src/common/pico_time/time.c.o
                0x10001cec                runtime_init_default_alarm_pool
 .text.alarm_pool_get_default
                0x10001d3c       0x30 CMakeFiles/main.dir/Users/a81802/.pico-sdk/sdk/2.2.0/src/common/pico_time/time.c.o
                0x10001d3c                alarm_pool_get_default
 .text.alarm_pool_irq_handler
                0x10001d6c      0x620 CMakeFiles/main.dir/Users/a81802/.pico-sdk/sdk/2.2.0/src/common/pico_time/time.c.o
 .text.alarm_pool_post_alloc_init
                0x1000238c       0xd0 CMakeFiles/main.dir/Users/a81802/.pico-sdk/sdk/2.2.0/src/common/pico_time/time.c.o
 .text.alarm_pool_add_alarm_at
                0x1000245c       0x5c CMakeFiles/main.dir/Users/a81802/.pico-sdk/sdk/2.2.0/src/common/pico_time/time.c.o
                0x1000245c                alarm_pool_add_alarm_at
 .text.alarm_pool_add_alarm_at_force_in_context
                0x100024b8      0x1aa CMakeFiles/main.dir/Users/a81802/.pico-sdk/sdk/2.2.0/src/common/pico_time/time.c.o
                0x100024b8                alarm_pool_add_alarm_at_force_in_context
 *fill*         0x10002662        0x2 
 .text.alarm_pool_cancel_alarm
                0x10002664      0x11c CMakeFiles/main.dir/Users/a81802/.pico-sdk/sdk/2.2.0/src/common/pico_time/time.c.o
                0x10002664                alarm_pool_cancel_alarm
 .text.sleep_until_callback
                0x10002780       0x84 CMakeFiles/main.dir/Users/a81802/.pico-sdk/sdk/2.2.0/src/common/pico_time/time.c.o
 .text.sleep_until
                0x10002804      0x144 CMakeFiles/main.dir/Users/a81802/.pico-sdk/sdk/2.2.0/src/common/pico_time/time.c.o
                0x10002804                sleep_until
 .text.sleep_us
                0x10002948       0x2a CMakeFiles/main.dir/Users/a81802/.pico-sdk/sdk/2.2.0/src/common/pico_time/time.c.o
                0x10002948                sleep_us
 .text.sleep_ms
                0x10002972       0x32 CMakeFiles/main.dir/Users/a81802/.pico-sdk/sdk/2.2.0/src/common/pico_time/time.c.o
                0x10002972                sleep_ms
 .text.best_effort_wfe_or_timeout
                0x100029a4       0xd8 CMakeFiles/main.dir/Users/a81802/.pico-sdk/sdk/2.2.0/src/common/pico_time/time.c.o
                0x100029a4                best_effort_wfe_or_timeout
 .text.alarm_pool_get_default_timer
                0x10002a7c       0x10 CMakeFiles/main.dir/Users/a81802/.pico-sdk/sdk/2.2.0/src/common/pico_time/time.c.o
                0x10002a7c                alarm_pool_get_default_timer
 .text.to_us_since_boot
                0x10002a8c       0x18 CMakeFiles/main.dir/Users/a81802/.pico-sdk/sdk/2.2.0/src/rp2_common/hardware_timer/timer.c.o
 .text.update_us_since_boot
                0x10002aa4       0x1e CMakeFiles/main.dir/Users/a81802/.pico-sdk/sdk/2.2.0/src/rp2_common/hardware_timer/timer.c.o
 .text.check_hardware_alarm_num_param
                0x10002ac2       0x10 CMakeFiles/main.dir/Users/a81802/.pico-sdk/sdk/2.2.0/src/rp2_common/hardware_timer/timer.c.o
 .text.timer_get_index
                0x10002ad2       0x12 CMakeFiles/main.dir/Users/a81802/.pico-sdk/sdk/2.2.0/src/rp2_common/hardware_timer/timer.c.o
 .text.timer_hardware_alarm_claim
                0x10002ae4       0x3c CMakeFiles/main.dir/Users/a81802/.pico-sdk/sdk/2.2.0/src/rp2_common/hardware_timer/timer.c.o
                0x10002ae4                timer_hardware_alarm_claim
 .text.timer_time_us_64
                0x10002b20       0x5a CMakeFiles/main.dir/Users/a81802/.pico-sdk/sdk/2.2.0/src/rp2_common/hardware_timer/timer.c.o
                0x10002b20                timer_time_us_64
 .text.timer_busy_wait_us
                0x10002b7a       0x70 CMakeFiles/main.dir/Users/a81802/.pico-sdk/sdk/2.2.0/src/rp2_common/hardware_timer/timer.c.o
                0x10002b7a                timer_busy_wait_us
 .text.timer_busy_wait_until
                0x10002bea       0x68 CMakeFiles/main.dir/Users/a81802/.pico-sdk/sdk/2.2.0/src/rp2_common/hardware_timer/timer.c.o
                0x10002bea                timer_busy_wait_until
 *fill*         0x10002c52        0x2 
 .text.time_us_64
                0x10002c54       0x1c CMakeFiles/main.dir/Users/a81802/.pico-sdk/sdk/2.2.0/src/rp2_common/hardware_timer/timer.c.o
                0x10002c54                time_us_64
 .text.busy_wait_us
                0x10002c70       0x24 CMakeFiles/main.dir/Users/a81802/.pico-sdk/sdk/2.2.0/src/rp2_common/hardware_timer/timer.c.o
                0x10002c70                busy_wait_us
 .text.busy_wait_until
                0x10002c94       0x24 CMakeFiles/main.dir/Users/a81802/.pico-sdk/sdk/2.2.0/src/rp2_common/hardware_timer/timer.c.o
                0x10002c94                busy_wait_until
 .text.reset_block_num
                0x10002cb8       0x3c CMakeFiles/main.dir/Users/a81802/.pico-sdk/sdk/2.2.0/src/rp2_common/hardware_uart/uart.c.o
 .text.unreset_block_num_wait_blocking
                0x10002cf4       0x54 CMakeFiles/main.dir/Users/a81802/.pico-sdk/sdk/2.2.0/src/rp2_common/hardware_uart/uart.c.o
 .text.uart_get_index
                0x10002d48       0x24 CMakeFiles/main.dir/Users/a81802/.pico-sdk/sdk/2.2.0/src/rp2_common/hardware_uart/uart.c.o
 .text.uart_get_hw
                0x10002d6c       0x1a CMakeFiles/main.dir/Users/a81802/.pico-sdk/sdk/2.2.0/src/rp2_common/hardware_uart/uart.c.o
 .text.uart_get_reset_num
                0x10002d86       0x22 CMakeFiles/main.dir/Users/a81802/.pico-sdk/sdk/2.2.0/src/rp2_common/hardware_uart/uart.c.o
 .text.uart_clock_get_hz
                0x10002da8       0x18 CMakeFiles/main.dir/Users/a81802/.pico-sdk/sdk/2.2.0/src/rp2_common/hardware_uart/uart.c.o
 .text.uart_reset
                0x10002dc0       0x20 CMakeFiles/main.dir/Users/a81802/.pico-sdk/sdk/2.2.0/src/rp2_common/hardware_uart/uart.c.o
 .text.uart_unreset
                0x10002de0       0x20 CMakeFiles/main.dir/Users/a81802/.pico-sdk/sdk/2.2.0/src/rp2_common/hardware_uart/uart.c.o
 .text.uart_init
                0x10002e00       0xe4 CMakeFiles/main.dir/Users/a81802/.pico-sdk/sdk/2.2.0/src/rp2_common/hardware_uart/uart.c.o
                0x10002e00                uart_init
 .text.uart_disable_before_lcr_write
                0x10002ee4       0xb0 CMakeFiles/main.dir/Users/a81802/.pico-sdk/sdk/2.2.0/src/rp2_common/hardware_uart/uart.c.o
 .text.uart_write_lcr_bits_masked
                0x10002f94       0x68 CMakeFiles/main.dir/Users/a81802/.pico-sdk/sdk/2.2.0/src/rp2_common/hardware_uart/uart.c.o
 .text.uart_set_baudrate
                0x10002ffc       0xac CMakeFiles/main.dir/Users/a81802/.pico-sdk/sdk/2.2.0/src/rp2_common/hardware_uart/uart.c.o
                0x10002ffc                uart_set_baudrate
 .text.uart_set_translate_crlf
                0x100030a8       0x3c CMakeFiles/main.dir/Users/a81802/.pico-sdk/sdk/2.2.0/src/rp2_common/hardware_uart/uart.c.o
                0x100030a8                uart_set_translate_crlf
 .text.busy_wait_at_least_cycles
                0x100030e4       0x18 CMakeFiles/main.dir/Users/a81802/.pico-sdk/sdk/2.2.0/src/rp2_common/hardware_clocks/clocks.c.o
 .text.has_glitchless_mux
                0x100030fc       0x32 CMakeFiles/main.dir/Users/a81802/.pico-sdk/sdk/2.2.0/src/rp2_common/hardware_clocks/clocks.c.o
 *fill*         0x1000312e        0x2 
 .text.clock_configure_internal
                0x10003130      0x18c CMakeFiles/main.dir/Users/a81802/.pico-sdk/sdk/2.2.0/src/rp2_common/hardware_clocks/clocks.c.o
 .text.clock_configure_int_divider
                0x100032bc       0x3e CMakeFiles/main.dir/Users/a81802/.pico-sdk/sdk/2.2.0/src/rp2_common/hardware_clocks/clocks.c.o
                0x100032bc                clock_configure_int_divider
 .text.clock_configure_undivided
                0x100032fa       0x32 CMakeFiles/main.dir/Users/a81802/.pico-sdk/sdk/2.2.0/src/rp2_common/hardware_clocks/clocks.c.o
                0x100032fa                clock_configure_undivided
 .text.clock_get_hz
                0x1000332c       0x24 CMakeFiles/main.dir/Users/a81802/.pico-sdk/sdk/2.2.0/src/rp2_common/hardware_clocks/clocks.c.o
                0x1000332c                clock_get_hz
 .text.clock_set_reported_hz
                0x10003350       0x28 CMakeFiles/main.dir/Users/a81802/.pico-sdk/sdk/2.2.0/src/rp2_common/hardware_clocks/clocks.c.o
                0x10003350                clock_set_reported_hz
 .text.reset_unreset_block_num_wait_blocking
                0x10003378       0x7c CMakeFiles/main.dir/Users/a81802/.pico-sdk/sdk/2.2.0/src/rp2_common/hardware_pll/pll.c.o
 .text.pll_init
                0x100033f4      0x174 CMakeFiles/main.dir/Users/a81802/.pico-sdk/sdk/2.2.0/src/rp2_common/hardware_pll/pll.c.o
                0x100033f4                pll_init
 .text.tick_start
                0x10003568       0x28 CMakeFiles/main.dir/Users/a81802/.pico-sdk/sdk/2.2.0/src/rp2_common/hardware_ticks/ticks.c.o
                0x10003568                tick_start
 .text.rom_func_lookup
                0x10003590       0x40 CMakeFiles/main.dir/Users/a81802/.pico-sdk/sdk/2.2.0/src/rp2_common/pico_bootrom/bootrom.c.o
                0x10003590                rom_func_lookup
 .text.rom_data_lookup
                0x100035d0       0x40 CMakeFiles/main.dir/Users/a81802/.pico-sdk/sdk/2.2.0/src/rp2_common/pico_bootrom/bootrom.c.o
                0x100035d0                rom_data_lookup
 .text.rom_funcs_lookup
                0x10003610       0x68 CMakeFiles/main.dir/Users/a81802/.pico-sdk/sdk/2.2.0/src/rp2_common/pico_bootrom/bootrom.c.o
                0x10003610                rom_funcs_lookup
 .text.xosc_init
                0x10003678       0x4c CMakeFiles/main.dir/Users/a81802/.pico-sdk/sdk/2.2.0/src/rp2_common/hardware_xosc/xosc.c.o
                0x10003678                xosc_init
 .text.runtime_run_initializers_from
                0x100036c4       0x34 CMakeFiles/main.dir/Users/a81802/.pico-sdk/sdk/2.2.0/src/rp2_common/pico_runtime/runtime.c.o
 .text.runtime_run_initializers
                0x100036f8       0x18 CMakeFiles/main.dir/Users/a81802/.pico-sdk/sdk/2.2.0/src/rp2_common/pico_runtime/runtime.c.o
                0x100036f8                runtime_run_initializers
 .text.first_per_core_initializer
                0x10003710        0xa CMakeFiles/main.dir/Users/a81802/.pico-sdk/sdk/2.2.0/src/rp2_common/pico_runtime/runtime.c.o
 *fill*         0x1000371a        0x2 
 .text.runtime_init_early_resets
                0x1000371c       0x84 CMakeFiles/main.dir/Users/a81802/.pico-sdk/sdk/2.2.0/src/rp2_common/pico_runtime_init/runtime_init.c.o
                0x1000371c                runtime_init_early_resets
 .text.runtime_init_usb_power_down
                0x100037a0       0x38 CMakeFiles/main.dir/Users/a81802/.pico-sdk/sdk/2.2.0/src/rp2_common/pico_runtime_init/runtime_init.c.o
                0x100037a0                runtime_init_usb_power_down
 .text.runtime_init_post_clock_resets
                0x100037d8       0x58 CMakeFiles/main.dir/Users/a81802/.pico-sdk/sdk/2.2.0/src/rp2_common/pico_runtime_init/runtime_init.c.o
                0x100037d8                runtime_init_post_clock_resets
 .text.runtime_init_rp2040_gpio_ie_disable
                0x10003830       0x28 CMakeFiles/main.dir/Users/a81802/.pico-sdk/sdk/2.2.0/src/rp2_common/pico_runtime_init/runtime_init.c.o
                0x10003830                runtime_init_rp2040_gpio_ie_disable
 .text.runtime_init_spin_locks_reset
                0x10003858        0xe CMakeFiles/main.dir/Users/a81802/.pico-sdk/sdk/2.2.0/src/rp2_common/pico_runtime_init/runtime_init.c.o
                0x10003858                runtime_init_spin_locks_reset
 *fill*         0x10003866        0x2 
 .text.runtime_init_install_ram_vector_table
                0x10003868       0x68 CMakeFiles/main.dir/Users/a81802/.pico-sdk/sdk/2.2.0/src/rp2_common/pico_runtime_init/runtime_init.c.o
                0x10003868                runtime_init_install_ram_vector_table
 .text.running_on_fpga
                0x100038d0        0xc CMakeFiles/main.dir/Users/a81802/.pico-sdk/sdk/2.2.0/src/rp2_common/pico_runtime_init/runtime_init_clocks.c.o
 .text.start_all_ticks
                0x100038dc       0x48 CMakeFiles/main.dir/Users/a81802/.pico-sdk/sdk/2.2.0/src/rp2_common/pico_runtime_init/runtime_init_clocks.c.o
 .text.runtime_init_clocks
                0x10003924      0x140 CMakeFiles/main.dir/Users/a81802/.pico-sdk/sdk/2.2.0/src/rp2_common/pico_runtime_init/runtime_init_clocks.c.o
                0x10003924                runtime_init_clocks
 .text          0x10003a64       0x10 CMakeFiles/main.dir/Users/a81802/.pico-sdk/sdk/2.2.0/src/rp2_common/pico_bit_ops/bit_ops_aeabi.S.o
 .text.__wrap___aeabi_idiv
                0x10003a74       0x50 CMakeFiles/main.dir/Users/a81802/.pico-sdk/sdk/2.2.0/src/rp2_common/pico_divider/divider_hardware.S.o
                0x10003a74                __wrap___aeabi_idivmod
                0x10003a74                divmod_s32s32
                0x10003a74                div_s32s32
                0x10003a74                __wrap___aeabi_idiv
                0x10003a7c                divmod_s32s32_unsafe
                0x10003aa8                divmod_s32s32_savestate
 .text.__wrap___aeabi_uidiv
                0x10003ac4       0x4c CMakeFiles/main.dir/Users/a81802/.pico-sdk/sdk/2.2.0/src/rp2_common/pico_divider/divider_hardware.S.o
                0x10003ac4                __wrap___aeabi_uidiv
                0x10003ac4                __wrap___aeabi_uidivmod
                0x10003ac4                div_u32u32
                0x10003ac4                divmod_u32u32
                0x10003acc                divmod_u32u32_unsafe
                0x10003af4                divmod_u32u32_savestate
 .text.__wrap___aeabi_ldiv
                0x10003b10      0x424 CMakeFiles/main.dir/Users/a81802/.pico-sdk/sdk/2.2.0/src/rp2_common/pico_divider/divider_hardware.S.o
                0x10003b10                __wrap___aeabi_ldivmod
                0x10003b10                div_s64s64
                0x10003b10                divmod_s64s64
                0x10003b40                divmod_u64u64
                0x10003b40                div_u64u64
                0x10003b40                __wrap___aeabi_uldivmod
                0x10003b50                divmod_u64u64_savestate
                0x10003b70                divmod_s64s64_unsafe
                0x10003bf8                divmod_u64u64_unsafe
 .text.__wrap___aeabi_darithmetic
                0x10003f34       0x80 CMakeFiles/main.dir/Users/a81802/.pico-sdk/sdk/2.2.0/src/rp2_common/pico_double/double_aeabi_rp2040.S.o
                0x10003f34                __wrap___aeabi_drsub
                0x10003f3a                __wrap___aeabi_dsub
                0x10003f4c                __wrap___aeabi_dadd
                0x10003f5e                __wrap___aeabi_ddiv
                0x10003f9a                __wrap___aeabi_dmul
 .text.__wrap___aeabi_cdcmple
                0x10003fb4       0x6c CMakeFiles/main.dir/Users/a81802/.pico-sdk/sdk/2.2.0/src/rp2_common/pico_double/double_aeabi_rp2040.S.o
                0x10003fb4                __wrap___aeabi_cdrcmple
                0x10003fc4                __wrap___aeabi_cdcmple
                0x10003fc4                __wrap___aeabi_cdcmpeq
 .text.__wrap___aeabi_dcmplt
                0x10004020        0xc CMakeFiles/main.dir/Users/a81802/.pico-sdk/sdk/2.2.0/src/rp2_common/pico_double/double_aeabi_rp2040.S.o
                0x10004020                __wrap___aeabi_dcmplt
 .text.__wrap___aeabi_dcmpge
                0x1000402c       0x10 CMakeFiles/main.dir/Users/a81802/.pico-sdk/sdk/2.2.0/src/rp2_common/pico_double/double_aeabi_rp2040.S.o
                0x1000402c                __wrap___aeabi_dcmpge
 .text.__wrap___aeabi_dcmpgt
                0x1000403c        0xa CMakeFiles/main.dir/Users/a81802/.pico-sdk/sdk/2.2.0/src/rp2_common/pico_double/double_aeabi_rp2040.S.o
                0x1000403c                __wrap___aeabi_dcmpgt
 .text.__wrap___aeabi_dcmpun
                0x10004046       0x18 CMakeFiles/main.dir/Users/a81802/.pico-sdk/sdk/2.2.0/src/rp2_common/pico_double/double_aeabi_rp2040.S.o
                0x10004046                __wrap___aeabi_dcmpun
 *fill*         0x1000405e        0x2 
 .text.__wrap___aeabi_i2d
                0x10004060       0x38 CMakeFiles/main.dir/Users/a81802/.pico-sdk/sdk/2.2.0/src/rp2_common/pico_double/double_aeabi_rp2040.S.o
                0x10004060                __wrap___aeabi_ui2d
                0x10004060                uint2double
                0x10004068                __wrap___aeabi_i2d
                0x10004068                int2double
 .text.__wrap___aeabi_d2iz
                0x10004098       0x48 CMakeFiles/main.dir/Users/a81802/.pico-sdk/sdk/2.2.0/src/rp2_common/pico_double/double_aeabi_rp2040.S.o
                0x10004098                __wrap___aeabi_d2iz
                0x10004098                double2int_z
 .text.__wrap___aeabi_d2uiz
                0x100040e0       0x18 CMakeFiles/main.dir/Users/a81802/.pico-sdk/sdk/2.2.0/src/rp2_common/pico_double/double_aeabi_rp2040.S.o
                0x100040e0                double2uint_z
                0x100040e0                double2uint
                0x100040e0                __wrap___aeabi_d2uiz
 .text.rp2040_rom_version
                0x100040f8        0xe CMakeFiles/main.dir/Users/a81802/.pico-sdk/sdk/2.2.0/src/rp2_common/pico_double/double_init_rom_rp2040.c.o
 .text.rom_table_code
                0x10004106       0x26 CMakeFiles/main.dir/Users/a81802/.pico-sdk/sdk/2.2.0/src/rp2_common/pico_double/double_init_rom_rp2040.c.o
 .text.__aeabi_double_init
                0x1000412c      0x100 CMakeFiles/main.dir/Users/a81802/.pico-sdk/sdk/2.2.0/src/rp2_common/pico_double/double_init_rom_rp2040.c.o
                0x1000412c                __aeabi_double_init
 .text.double_table_shim_on_use_helper
                0x1000422c       0x34 CMakeFiles/main.dir/Users/a81802/.pico-sdk/sdk/2.2.0/src/rp2_common/pico_double/double_v1_rom_shim_rp2040.S.o
                0x1000422c                double_table_shim_on_use_helper
 .text.__wrap___aeabi_dsub
                0x10004260       0x10 CMakeFiles/main.dir/Users/a81802/.pico-sdk/sdk/2.2.0/src/rp2_common/pico_double/double_v1_rom_shim_rp2040.S.o
                0x10004260                drsub_shim
                0x10004266                dsub_shim
 .text.dadd_shim
                0x10004270      0x15c CMakeFiles/main.dir/Users/a81802/.pico-sdk/sdk/2.2.0/src/rp2_common/pico_double/double_v1_rom_shim_rp2040.S.o
                0x10004270                dadd_shim
 .text.dmul_shim
                0x100043cc      0x15c CMakeFiles/main.dir/Users/a81802/.pico-sdk/sdk/2.2.0/src/rp2_common/pico_double/double_v1_rom_shim_rp2040.S.o
                0x100043cc                dmul_shim
 .text.ddiv_shim
                0x10004528      0x1b0 CMakeFiles/main.dir/Users/a81802/.pico-sdk/sdk/2.2.0/src/rp2_common/pico_double/double_v1_rom_shim_rp2040.S.o
                0x10004528                ddiv_shim
 .text.double2uint_shim
                0x100046d8        0xe CMakeFiles/main.dir/Users/a81802/.pico-sdk/sdk/2.2.0/src/rp2_common/pico_double/double_v1_rom_shim_rp2040.S.o
                0x100046d8                double2uint_shim
                0x100046da                double2ufix_shim
 *fill*         0x100046e6        0x2 
 .text.double2uint64_shim
                0x100046e8       0x70 CMakeFiles/main.dir/Users/a81802/.pico-sdk/sdk/2.2.0/src/rp2_common/pico_double/double_v1_rom_shim_rp2040.S.o
                0x100046e8                double2uint64_shim
                0x100046ea                double2ufix64_shim
                0x1000470a                d2fix_a
 .text.dunpacks
                0x10004758       0x3c CMakeFiles/main.dir/Users/a81802/.pico-sdk/sdk/2.2.0/src/rp2_common/pico_double/double_v1_rom_shim_rp2040.S.o
                0x10004758                dunpacks
 .text.__aeabi_lmul
                0x10004794       0x32 CMakeFiles/main.dir/Users/a81802/.pico-sdk/sdk/2.2.0/src/rp2_common/pico_int64_ops/pico_int64_ops_aeabi.S.o
                0x10004794                __wrap___aeabi_lmul
 *fill*         0x100047c6        0x2 
 .text.__wrap___aeabi_i2f
                0x100047c8       0x44 CMakeFiles/main.dir/Users/a81802/.pico-sdk/sdk/2.2.0/src/rp2_common/pico_float/float_aeabi_rp2040.S.o
                0x100047c8                int2float
                0x100047c8                __wrap___aeabi_i2f
 .text.__wrap___aeabi_f2d
                0x1000480c       0x14 CMakeFiles/main.dir/Users/a81802/.pico-sdk/sdk/2.2.0/src/rp2_common/pico_float/float_aeabi_rp2040.S.o
                0x1000480c                __wrap___aeabi_f2d
 .text.rp2040_rom_version
                0x10004820        0xe CMakeFiles/main.dir/Users/a81802/.pico-sdk/sdk/2.2.0/src/rp2_common/pico_float/float_init_rom_rp2040.c.o
 .text.rom_table_code
                0x1000482e       0x26 CMakeFiles/main.dir/Users/a81802/.pico-sdk/sdk/2.2.0/src/rp2_common/pico_float/float_init_rom_rp2040.c.o
 .text.__aeabi_float_init
                0x10004854      0x130 CMakeFiles/main.dir/Users/a81802/.pico-sdk/sdk/2.2.0/src/rp2_common/pico_float/float_init_rom_rp2040.c.o
                0x10004854                __aeabi_float_init
 .text.float_table_shim_on_use_helper
                0x10004984       0x34 CMakeFiles/main.dir/Users/a81802/.pico-sdk/sdk/2.2.0/src/rp2_common/pico_float/float_v1_rom_shim_rp2040.S.o
                0x10004984                float_table_shim_on_use_helper
 .text.float2double_shim
                0x100049b8       0x30 CMakeFiles/main.dir/Users/a81802/.pico-sdk/sdk/2.2.0/src/rp2_common/pico_float/float_v1_rom_shim_rp2040.S.o
                0x100049b8                float2double_shim
 .text          0x100049e8       0x10 CMakeFiles/main.dir/Users/a81802/.pico-sdk/sdk/2.2.0/src/rp2_common/pico_mem_ops/mem_ops_aeabi.S.o
                0x100049e8                __aeabi_mem_init
 .text.memcpy   0x100049f8        0xc CMakeFiles/main.dir/Users/a81802/.pico-sdk/sdk/2.2.0/src/rp2_common/pico_mem_ops/mem_ops_aeabi.S.o
                0x100049f8                __wrap___aeabi_memcpy
                0x100049f8                __wrap_memcpy
 .text._out_null
                0x10004a04       0x1c CMakeFiles/main.dir/Users/a81802/.pico-sdk/sdk/2.2.0/src/rp2_common/pico_printf/printf.c.o
 .text._out_fct
                0x10004a20       0x36 CMakeFiles/main.dir/Users/a81802/.pico-sdk/sdk/2.2.0/src/rp2_common/pico_printf/printf.c.o
 .text._strnlen_s
                0x10004a56       0x36 CMakeFiles/main.dir/Users/a81802/.pico-sdk/sdk/2.2.0/src/rp2_common/pico_printf/printf.c.o
 .text._is_digit
                0x10004a8c       0x32 CMakeFiles/main.dir/Users/a81802/.pico-sdk/sdk/2.2.0/src/rp2_common/pico_printf/printf.c.o
 .text._atoi    0x10004abe       0x46 CMakeFiles/main.dir/Users/a81802/.pico-sdk/sdk/2.2.0/src/rp2_common/pico_printf/printf.c.o
 .text._out_rev
                0x10004b04       0x9a CMakeFiles/main.dir/Users/a81802/.pico-sdk/sdk/2.2.0/src/rp2_common/pico_printf/printf.c.o
 .text._ntoa_format
                0x10004b9e      0x1ac CMakeFiles/main.dir/Users/a81802/.pico-sdk/sdk/2.2.0/src/rp2_common/pico_printf/printf.c.o
 .text._ntoa_long
                0x10004d4a       0xd2 CMakeFiles/main.dir/Users/a81802/.pico-sdk/sdk/2.2.0/src/rp2_common/pico_printf/printf.c.o
 .text._ntoa_long_long
                0x10004e1c       0xe6 CMakeFiles/main.dir/Users/a81802/.pico-sdk/sdk/2.2.0/src/rp2_common/pico_printf/printf.c.o
 *fill*         0x10004f02        0x2 
 .text._ftoa    0x10004f04      0x494 CMakeFiles/main.dir/Users/a81802/.pico-sdk/sdk/2.2.0/src/rp2_common/pico_printf/printf.c.o
 .text._etoa    0x10005398      0x594 CMakeFiles/main.dir/Users/a81802/.pico-sdk/sdk/2.2.0/src/rp2_common/pico_printf/printf.c.o
 .text._vsnprintf
                0x1000592c      0x8fc CMakeFiles/main.dir/Users/a81802/.pico-sdk/sdk/2.2.0/src/rp2_common/pico_printf/printf.c.o
 .text.vfctprintf
                0x10006228       0x40 CMakeFiles/main.dir/Users/a81802/.pico-sdk/sdk/2.2.0/src/rp2_common/pico_printf/printf.c.o
                0x10006228                vfctprintf
 .text._exit    0x10006268        0xe CMakeFiles/main.dir/Users/a81802/.pico-sdk/sdk/2.2.0/src/rp2_common/pico_clib_interface/newlib_interface.c.o
                0x10006268                _exit
 .text.exit     0x10006276       0x10 CMakeFiles/main.dir/Users/a81802/.pico-sdk/sdk/2.2.0/src/rp2_common/pico_clib_interface/newlib_interface.c.o
                0x10006276                exit
 *fill*         0x10006286        0x2 
 .text.__assert_func
                0x10006288       0x4c CMakeFiles/main.dir/Users/a81802/.pico-sdk/sdk/2.2.0/src/rp2_common/pico_clib_interface/newlib_interface.c.o
                0x10006288                __assert_func
 .text.runtime_init
                0x100062d4       0x48 CMakeFiles/main.dir/Users/a81802/.pico-sdk/sdk/2.2.0/src/rp2_common/pico_clib_interface/newlib_interface.c.o
                0x100062d4                runtime_init
 .text.to_us_since_boot
                0x1000631c       0x18 CMakeFiles/main.dir/Users/a81802/.pico-sdk/sdk/2.2.0/src/rp2_common/pico_stdio/stdio.c.o
 .text.update_us_since_boot
                0x10006334       0x1e CMakeFiles/main.dir/Users/a81802/.pico-sdk/sdk/2.2.0/src/rp2_common/pico_stdio/stdio.c.o
 .text.get_absolute_time
                0x10006352       0x24 CMakeFiles/main.dir/Users/a81802/.pico-sdk/sdk/2.2.0/src/rp2_common/pico_stdio/stdio.c.o
 *fill*         0x10006376        0x2 
 .text.delayed_by_ms
                0x10006378       0x7c CMakeFiles/main.dir/Users/a81802/.pico-sdk/sdk/2.2.0/src/rp2_common/pico_stdio/stdio.c.o
 .text.make_timeout_time_ms
                0x100063f4       0x22 CMakeFiles/main.dir/Users/a81802/.pico-sdk/sdk/2.2.0/src/rp2_common/pico_stdio/stdio.c.o
 *fill*         0x10006416        0x2 
 .text.stdout_serialize_begin
                0x10006418       0x28 CMakeFiles/main.dir/Users/a81802/.pico-sdk/sdk/2.2.0/src/rp2_common/pico_stdio/stdio.c.o
                0x10006418                stdout_serialize_begin
 .text.stdout_serialize_end
                0x10006440       0x18 CMakeFiles/main.dir/Users/a81802/.pico-sdk/sdk/2.2.0/src/rp2_common/pico_stdio/stdio.c.o
                0x10006440                stdout_serialize_end
 .text.stdio_out_chars_no_crlf
                0x10006458       0x20 CMakeFiles/main.dir/Users/a81802/.pico-sdk/sdk/2.2.0/src/rp2_common/pico_stdio/stdio.c.o
 .text.stdio_out_chars_crlf
                0x10006478       0xf0 CMakeFiles/main.dir/Users/a81802/.pico-sdk/sdk/2.2.0/src/rp2_common/pico_stdio/stdio.c.o
 .text.stdio_put_string
                0x10006568       0xc8 CMakeFiles/main.dir/Users/a81802/.pico-sdk/sdk/2.2.0/src/rp2_common/pico_stdio/stdio.c.o
                0x10006568                stdio_put_string
 .text.stdio_set_driver_enabled
                0x10006630       0x68 CMakeFiles/main.dir/Users/a81802/.pico-sdk/sdk/2.2.0/src/rp2_common/pico_stdio/stdio.c.o
                0x10006630                stdio_set_driver_enabled
 .text.stdio_flush
                0x10006698       0x38 CMakeFiles/main.dir/Users/a81802/.pico-sdk/sdk/2.2.0/src/rp2_common/pico_stdio/stdio.c.o
                0x10006698                stdio_flush
 .text.stdio_stack_buffer_flush
                0x100066d0       0x6c CMakeFiles/main.dir/Users/a81802/.pico-sdk/sdk/2.2.0/src/rp2_common/pico_stdio/stdio.c.o
 .text.stdio_buffered_printer
                0x1000673c       0x3e CMakeFiles/main.dir/Users/a81802/.pico-sdk/sdk/2.2.0/src/rp2_common/pico_stdio/stdio.c.o
 .text.stdio_init_all
                0x1000677a       0x22 CMakeFiles/main.dir/Users/a81802/.pico-sdk/sdk/2.2.0/src/rp2_common/pico_stdio/stdio.c.o
                0x1000677a                stdio_init_all
 .text.__wrap_puts
                0x1000679c       0x2e CMakeFiles/main.dir/Users/a81802/.pico-sdk/sdk/2.2.0/src/rp2_common/pico_stdio/stdio.c.o
                0x1000679c                __wrap_puts
                0x1000679c                stdio_puts
 *fill*         0x100067ca        0x2 
 .text.__wrap_vprintf
                0x100067cc       0x5c CMakeFiles/main.dir/Users/a81802/.pico-sdk/sdk/2.2.0/src/rp2_common/pico_stdio/stdio.c.o
                0x100067cc                __wrap_vprintf
                0x100067cc                stdio_vprintf
 .text.__wrap_printf
                0x10006828       0x2e CMakeFiles/main.dir/Users/a81802/.pico-sdk/sdk/2.2.0/src/rp2_common/pico_stdio/stdio.c.o
                0x10006828                stdio_printf
                0x10006828                __wrap_printf
 *fill*         0x10006856        0x2 
 .text.uart_get_index
                0x10006858       0x24 CMakeFiles/main.dir/Users/a81802/.pico-sdk/sdk/2.2.0/src/rp2_common/pico_stdio_uart/stdio_uart.c.o
 .text.uart_get_hw
                0x1000687c       0x1a CMakeFiles/main.dir/Users/a81802/.pico-sdk/sdk/2.2.0/src/rp2_common/pico_stdio_uart/stdio_uart.c.o
 .text.uart_set_irqs_enabled
                0x10006896       0xe2 CMakeFiles/main.dir/Users/a81802/.pico-sdk/sdk/2.2.0/src/rp2_common/pico_stdio_uart/stdio_uart.c.o
 .text.uart_is_writable
                0x10006978       0x26 CMakeFiles/main.dir/Users/a81802/.pico-sdk/sdk/2.2.0/src/rp2_common/pico_stdio_uart/stdio_uart.c.o
 .text.uart_tx_wait_blocking
                0x1000699e       0x28 CMakeFiles/main.dir/Users/a81802/.pico-sdk/sdk/2.2.0/src/rp2_common/pico_stdio_uart/stdio_uart.c.o
 .text.uart_is_readable
                0x100069c6       0x26 CMakeFiles/main.dir/Users/a81802/.pico-sdk/sdk/2.2.0/src/rp2_common/pico_stdio_uart/stdio_uart.c.o
 .text.uart_write_blocking
                0x100069ec       0x58 CMakeFiles/main.dir/Users/a81802/.pico-sdk/sdk/2.2.0/src/rp2_common/pico_stdio_uart/stdio_uart.c.o
 .text.uart_read_blocking
                0x10006a44       0x58 CMakeFiles/main.dir/Users/a81802/.pico-sdk/sdk/2.2.0/src/rp2_common/pico_stdio_uart/stdio_uart.c.o
 .text.uart_putc_raw
                0x10006a9c       0x22 CMakeFiles/main.dir/Users/a81802/.pico-sdk/sdk/2.2.0/src/rp2_common/pico_stdio_uart/stdio_uart.c.o
 *fill*         0x10006abe        0x2 
 .text.uart_putc
                0x10006ac0       0x4c CMakeFiles/main.dir/Users/a81802/.pico-sdk/sdk/2.2.0/src/rp2_common/pico_stdio_uart/stdio_uart.c.o
 .text.uart_getc
                0x10006b0c       0x22 CMakeFiles/main.dir/Users/a81802/.pico-sdk/sdk/2.2.0/src/rp2_common/pico_stdio_uart/stdio_uart.c.o
 *fill*         0x10006b2e        0x2 
 .text.stdio_uart_init
                0x10006b30       0x4c CMakeFiles/main.dir/Users/a81802/.pico-sdk/sdk/2.2.0/src/rp2_common/pico_stdio_uart/stdio_uart.c.o
                0x10006b30                stdio_uart_init
 .text.stdio_uart_init_full
                0x10006b7c       0x5c CMakeFiles/main.dir/Users/a81802/.pico-sdk/sdk/2.2.0/src/rp2_common/pico_stdio_uart/stdio_uart.c.o
                0x10006b7c                stdio_uart_init_full
 .text.stdio_uart_out_chars
                0x10006bd8       0x40 CMakeFiles/main.dir/Users/a81802/.pico-sdk/sdk/2.2.0/src/rp2_common/pico_stdio_uart/stdio_uart.c.o
 .text.stdio_uart_in_chars
                0x10006c18       0x74 CMakeFiles/main.dir/Users/a81802/.pico-sdk/sdk/2.2.0/src/rp2_common/pico_stdio_uart/stdio_uart.c.o
                0x10006c18                stdio_uart_in_chars
 .text.on_uart_rx
                0x10006c8c       0x38 CMakeFiles/main.dir/Users/a81802/.pico-sdk/sdk/2.2.0/src/rp2_common/pico_stdio_uart/stdio_uart.c.o
 .text.stdio_uart_set_chars_available_callback
                0x10006cc4       0xb8 CMakeFiles/main.dir/Users/a81802/.pico-sdk/sdk/2.2.0/src/rp2_common/pico_stdio_uart/stdio_uart.c.o
 .text.stdio_uart_out_flush
                0x10006d7c       0x18 CMakeFiles/main.dir/Users/a81802/.pico-sdk/sdk/2.2.0/src/rp2_common/pico_stdio_uart/stdio_uart.c.o
 .text.reset_block_num
                0x10006d94       0x3c CMakeFiles/main.dir/Users/a81802/.pico-sdk/sdk/2.2.0/src/rp2_common/hardware_spi/spi.c.o
 .text.unreset_block_num_wait_blocking
                0x10006dd0       0x54 CMakeFiles/main.dir/Users/a81802/.pico-sdk/sdk/2.2.0/src/rp2_common/hardware_spi/spi.c.o
 .text.spi_get_index
                0x10006e24       0x24 CMakeFiles/main.dir/Users/a81802/.pico-sdk/sdk/2.2.0/src/rp2_common/hardware_spi/spi.c.o
 .text.spi_get_hw
                0x10006e48       0x1a CMakeFiles/main.dir/Users/a81802/.pico-sdk/sdk/2.2.0/src/rp2_common/hardware_spi/spi.c.o
 .text.spi_get_const_hw
                0x10006e62       0x1a CMakeFiles/main.dir/Users/a81802/.pico-sdk/sdk/2.2.0/src/rp2_common/hardware_spi/spi.c.o
 .text.spi_set_format
                0x10006e7c       0xc0 CMakeFiles/main.dir/Users/a81802/.pico-sdk/sdk/2.2.0/src/rp2_common/hardware_spi/spi.c.o
 .text.spi_is_writable
                0x10006f3c       0x26 CMakeFiles/main.dir/Users/a81802/.pico-sdk/sdk/2.2.0/src/rp2_common/hardware_spi/spi.c.o
 .text.spi_is_readable
                0x10006f62       0x26 CMakeFiles/main.dir/Users/a81802/.pico-sdk/sdk/2.2.0/src/rp2_common/hardware_spi/spi.c.o
 .text.spi_reset
                0x10006f88       0x28 CMakeFiles/main.dir/Users/a81802/.pico-sdk/sdk/2.2.0/src/rp2_common/hardware_spi/spi.c.o
 .text.spi_unreset
                0x10006fb0       0x28 CMakeFiles/main.dir/Users/a81802/.pico-sdk/sdk/2.2.0/src/rp2_common/hardware_spi/spi.c.o
 .text.spi_init
                0x10006fd8       0x88 CMakeFiles/main.dir/Users/a81802/.pico-sdk/sdk/2.2.0/src/rp2_common/hardware_spi/spi.c.o
                0x10006fd8                spi_init
 .text.spi_set_baudrate
                0x10007060      0x14c CMakeFiles/main.dir/Users/a81802/.pico-sdk/sdk/2.2.0/src/rp2_common/hardware_spi/spi.c.o
                0x10007060                spi_set_baudrate
 .text.i2c_get_index
                0x100071ac       0x20 CMakeFiles/main.dir/Users/a81802/.pico-sdk/sdk/2.2.0/src/rp2_common/hardware_i2c/i2c.c.o
 .text.i2c_get_hw
                0x100071cc       0x1c CMakeFiles/main.dir/Users/a81802/.pico-sdk/sdk/2.2.0/src/rp2_common/hardware_i2c/i2c.c.o
 .text.i2c_get_write_available
                0x100071e8       0x24 CMakeFiles/main.dir/Users/a81802/.pico-sdk/sdk/2.2.0/src/rp2_common/hardware_i2c/i2c.c.o
 .text.i2c_get_read_available
                0x1000720c       0x1c CMakeFiles/main.dir/Users/a81802/.pico-sdk/sdk/2.2.0/src/rp2_common/hardware_i2c/i2c.c.o
 .text.reset_block_num
                0x10007228       0x3c CMakeFiles/main.dir/Users/a81802/.pico-sdk/sdk/2.2.0/src/rp2_common/hardware_i2c/i2c.c.o
 .text.unreset_block_num_wait_blocking
                0x10007264       0x54 CMakeFiles/main.dir/Users/a81802/.pico-sdk/sdk/2.2.0/src/rp2_common/hardware_i2c/i2c.c.o
 .text.i2c_reset
                0x100072b8       0x28 CMakeFiles/main.dir/Users/a81802/.pico-sdk/sdk/2.2.0/src/rp2_common/hardware_i2c/i2c.c.o
 .text.i2c_unreset
                0x100072e0       0x28 CMakeFiles/main.dir/Users/a81802/.pico-sdk/sdk/2.2.0/src/rp2_common/hardware_i2c/i2c.c.o
 .text.i2c_init
                0x10007308       0x62 CMakeFiles/main.dir/Users/a81802/.pico-sdk/sdk/2.2.0/src/rp2_common/hardware_i2c/i2c.c.o
                0x10007308                i2c_init
 *fill*         0x1000736a        0x2 
 .text.i2c_set_baudrate
                0x1000736c      0x15c CMakeFiles/main.dir/Users/a81802/.pico-sdk/sdk/2.2.0/src/rp2_common/hardware_i2c/i2c.c.o
                0x1000736c                i2c_set_baudrate
 .text.i2c_write_blocking_internal
                0x100074c8      0x23e CMakeFiles/main.dir/Users/a81802/.pico-sdk/sdk/2.2.0/src/rp2_common/hardware_i2c/i2c.c.o
 .text.i2c_write_blocking
                0x10007706       0x3e CMakeFiles/main.dir/Users/a81802/.pico-sdk/sdk/2.2.0/src/rp2_common/hardware_i2c/i2c.c.o
                0x10007706                i2c_write_blocking
 .text.i2c_read_blocking_internal
                0x10007744      0x1b8 CMakeFiles/main.dir/Users/a81802/.pico-sdk/sdk/2.2.0/src/rp2_common/hardware_i2c/i2c.c.o
 .text.i2c_read_blocking
                0x100078fc       0x3e CMakeFiles/main.dir/Users/a81802/.pico-sdk/sdk/2.2.0/src/rp2_common/hardware_i2c/i2c.c.o
                0x100078fc                i2c_read_blocking
 *fill*         0x1000793a        0x2 
 .text.strlen   0x1000793c       0x5c /Users/a81802/.pico-sdk/toolchain/14_2_Rel1/bin/../lib/gcc/arm-none-eabi/14.2.1/../../../../arm-none-eabi/lib/thumb/v6-m/nofp/libg.a(libc_a-strlen-stub.o)
                0x1000793c                strlen
 *(.fini)
 .fini          0x10007998        0x4 /Users/a81802/.pico-sdk/toolchain/14_2_Rel1/bin/../lib/gcc/arm-none-eabi/14.2.1/thumb/v6-m/nofp/crti.o
                0x10007998                _fini
 *fill*         0x1000799c        0x4 
 .fini.__stub   0x100079a0       0x50 linker stubs
 *crtbegin.o(.ctors)
 *crtbegin?.o(.ctors)
 *(EXCLUDE_FILE(*crtend.o *crtend?.o) .ctors)
 *(SORT_BY_NAME(.ctors.*))
 *(.ctors)
 *crtbegin.o(.dtors)
 *crtbegin?.o(.dtors)
 *(EXCLUDE_FILE(*crtend.o *crtend?.o) .dtors)
 *(SORT_BY_NAME(.dtors.*))
 *(.dtors)
                0x100079f0                        . = ALIGN (0x4)
                0x100079f0                        PROVIDE (__preinit_array_start = .)
 *(SORT_BY_NAME(.preinit_array.*))
 .preinit_array.00100
                0x100079f0        0x4 CMakeFiles/main.dir/Users/a81802/.pico-sdk/sdk/2.2.0/src/rp2_common/pico_runtime_init/runtime_init.c.o
                0x100079f0                __pre_init_runtime_init_early_resets
 .preinit_array.00101
                0x100079f4        0x4 CMakeFiles/main.dir/Users/a81802/.pico-sdk/sdk/2.2.0/src/rp2_common/pico_runtime_init/runtime_init.c.o
                0x100079f4                __pre_init_runtime_init_usb_power_down
 .preinit_array.00275
                0x100079f8        0x4 CMakeFiles/main.dir/Users/a81802/.pico-sdk/sdk/2.2.0/src/rp2_common/pico_bit_ops/bit_ops_aeabi.S.o
 .preinit_array.00300
                0x100079fc        0x4 CMakeFiles/main.dir/Users/a81802/.pico-sdk/sdk/2.2.0/src/rp2_common/pico_mem_ops/mem_ops_aeabi.S.o
 .preinit_array.00350
                0x10007a00        0x4 CMakeFiles/main.dir/Users/a81802/.pico-sdk/sdk/2.2.0/src/rp2_common/pico_double/double_aeabi_rp2040.S.o
 .preinit_array.00350
                0x10007a04        0x4 CMakeFiles/main.dir/Users/a81802/.pico-sdk/sdk/2.2.0/src/rp2_common/pico_float/float_aeabi_rp2040.S.o
 .preinit_array.00500
                0x10007a08        0x4 CMakeFiles/main.dir/Users/a81802/.pico-sdk/sdk/2.2.0/src/rp2_common/pico_runtime_init/runtime_init.c.o
                0x10007a08                __pre_init_runtime_init_clocks
 .preinit_array.00600
                0x10007a0c        0x4 CMakeFiles/main.dir/Users/a81802/.pico-sdk/sdk/2.2.0/src/rp2_common/pico_runtime_init/runtime_init.c.o
                0x10007a0c                __pre_init_runtime_init_post_clock_resets
 .preinit_array.00700
                0x10007a10        0x4 CMakeFiles/main.dir/Users/a81802/.pico-sdk/sdk/2.2.0/src/rp2_common/pico_runtime_init/runtime_init.c.o
                0x10007a10                __pre_init_runtime_init_rp2040_gpio_ie_disable
 .preinit_array.01000
                0x10007a14        0x4 CMakeFiles/main.dir/Users/a81802/.pico-sdk/sdk/2.2.0/src/rp2_common/pico_runtime_init/runtime_init.c.o
                0x10007a14                __pre_init_runtime_init_spin_locks_reset
 .preinit_array.01100
                0x10007a18        0x4 CMakeFiles/main.dir/Users/a81802/.pico-sdk/sdk/2.2.0/src/common/pico_sync/mutex.c.o
                0x10007a18                __pre_init_runtime_init_mutex
 .preinit_array.10080
                0x10007a1c        0x4 CMakeFiles/main.dir/Users/a81802/.pico-sdk/sdk/2.2.0/src/rp2_common/pico_runtime_init/runtime_init.c.o
                0x10007a1c                __pre_init_runtime_init_install_ram_vector_table
 .preinit_array.11000
                0x10007a20        0x4 CMakeFiles/main.dir/Users/a81802/.pico-sdk/sdk/2.2.0/src/common/pico_time/time.c.o
                0x10007a20                __pre_init_runtime_init_default_alarm_pool
 .preinit_array.YYYYY
                0x10007a24        0x4 CMakeFiles/main.dir/Users/a81802/.pico-sdk/sdk/2.2.0/src/rp2_common/pico_runtime/runtime.c.o
                0x10007a24                __pre_init_first_per_core_initializer
 .preinit_array.ZZZZZ.01200
                0x10007a28        0x4 CMakeFiles/main.dir/Users/a81802/.pico-sdk/sdk/2.2.0/src/rp2_common/hardware_irq/irq.c.o
                0x10007a28                __pre_init_runtime_init_per_core_irq_priorities
 *(.preinit_array)
                0x10007a2c                        PROVIDE (__preinit_array_end = .)
                0x10007a2c                        . = ALIGN (0x4)
                0x10007a2c                        PROVIDE (__init_array_start = .)
 *(SORT_BY_NAME(.init_array.*))
 *(.init_array)
 .init_array    0x10007a2c        0x4 /Users/a81802/.pico-sdk/toolchain/14_2_Rel1/bin/../lib/gcc/arm-none-eabi/14.2.1/thumb/v6-m/nofp/crtbegin.o
                0x10007a30                        PROVIDE (__init_array_end = .)
                0x10007a30                        . = ALIGN (0x4)
                [!provide]                        PROVIDE (__fini_array_start = .)
 *(SORT_BY_NAME(.fini_array.*))
 *(.fini_array)
                [!provide]                        PROVIDE (__fini_array_end = .)
 *(.eh_frame*)
 .eh_frame      0x10007a30        0x0 /Users/a81802/.pico-sdk/toolchain/14_2_Rel1/bin/../lib/gcc/arm-none-eabi/14.2.1/thumb/v6-m/nofp/crtbegin.o
                0x10007a30                        . = ALIGN (0x4)

.glue_7         0x10007a30        0x0
 .glue_7        0x10007a30        0x0 linker stubs

.glue_7t        0x10007a30        0x0
 .glue_7t       0x10007a30        0x0 linker stubs

.vfp11_veneer   0x10007a30        0x0
 .vfp11_veneer  0x10007a30        0x0 linker stubs

.v4_bx          0x10007a30        0x0
 .v4_bx         0x10007a30        0x0 linker stubs

.iplt           0x10007a30        0x0
 .iplt          0x10007a30        0x0 /Users/a81802/.pico-sdk/toolchain/14_2_Rel1/bin/../lib/gcc/arm-none-eabi/14.2.1/thumb/v6-m/nofp/crtbegin.o

.rodata         0x10007a30      0xd20
 *(EXCLUDE_FILE(*libm.a: *libc.a:*lib_a-mem*.o *libgcc.a:) .rodata*)
 .rodata        0x10007a30       0xc7 CMakeFiles/main.dir/main.cpp.o
 *fill*         0x10007af7        0x1 
 .rodata        0x10007af8       0x59 CMakeFiles/main.dir/accel.cpp.o
 *fill*         0x10007b51        0x3 
 .rodata        0x10007b54       0x22 CMakeFiles/main.dir/Users/a81802/.pico-sdk/sdk/2.2.0/src/rp2_common/pico_platform_panic/panic.c.o
 *fill*         0x10007b76        0x2 
 .rodata        0x10007b78      0x257 CMakeFiles/main.dir/Users/a81802/.pico-sdk/sdk/2.2.0/src/rp2_common/hardware_irq/irq.c.o
 *fill*         0x10007dcf        0x1 
 .rodata.__func__.6
                0x10007dd0       0x1a CMakeFiles/main.dir/Users/a81802/.pico-sdk/sdk/2.2.0/src/rp2_common/hardware_irq/irq.c.o
 *fill*         0x10007dea        0x2 
 .rodata.__func__.5
                0x10007dec        0xa CMakeFiles/main.dir/Users/a81802/.pico-sdk/sdk/2.2.0/src/rp2_common/hardware_irq/irq.c.o
 *fill*         0x10007df6        0x2 
 .rodata.__func__.4
                0x10007df8        0xd CMakeFiles/main.dir/Users/a81802/.pico-sdk/sdk/2.2.0/src/rp2_common/hardware_irq/irq.c.o
 *fill*         0x10007e05        0x3 
 .rodata.__func__.2
                0x10007e08        0xd CMakeFiles/main.dir/Users/a81802/.pico-sdk/sdk/2.2.0/src/rp2_common/hardware_irq/irq.c.o
 *fill*         0x10007e15        0x3 
 .rodata.__func__.1
                0x10007e18       0x13 CMakeFiles/main.dir/Users/a81802/.pico-sdk/sdk/2.2.0/src/rp2_common/hardware_irq/irq.c.o
 *fill*         0x10007e2b        0x1 
 .rodata.__func__.0
                0x10007e2c       0x1a CMakeFiles/main.dir/Users/a81802/.pico-sdk/sdk/2.2.0/src/rp2_common/hardware_irq/irq.c.o
 *fill*         0x10007e46        0x2 
 .rodata        0x10007e48       0xb1 CMakeFiles/main.dir/Users/a81802/.pico-sdk/sdk/2.2.0/src/common/pico_sync/mutex.c.o
 *fill*         0x10007ef9        0x3 
 .rodata.__func__.6
                0x10007efc       0x13 CMakeFiles/main.dir/Users/a81802/.pico-sdk/sdk/2.2.0/src/common/pico_sync/mutex.c.o
 *fill*         0x10007f0f        0x1 
 .rodata.__func__.3
                0x10007f10       0x18 CMakeFiles/main.dir/Users/a81802/.pico-sdk/sdk/2.2.0/src/common/pico_sync/mutex.c.o
 .rodata.__func__.1
                0x10007f28        0xb CMakeFiles/main.dir/Users/a81802/.pico-sdk/sdk/2.2.0/src/common/pico_sync/mutex.c.o
 *fill*         0x10007f33        0x1 
 .rodata        0x10007f34      0x125 CMakeFiles/main.dir/Users/a81802/.pico-sdk/sdk/2.2.0/src/common/pico_time/time.c.o
 *fill*         0x10008059        0x3 
 .rodata.__func__.2
                0x1000805c       0x17 CMakeFiles/main.dir/Users/a81802/.pico-sdk/sdk/2.2.0/src/common/pico_time/time.c.o
 *fill*         0x10008073        0x1 
 .rodata.__func__.1
                0x10008074       0x17 CMakeFiles/main.dir/Users/a81802/.pico-sdk/sdk/2.2.0/src/common/pico_time/time.c.o
 *fill*         0x1000808b        0x1 
 .rodata        0x1000808c       0xa0 CMakeFiles/main.dir/Users/a81802/.pico-sdk/sdk/2.2.0/src/rp2_common/hardware_timer/timer.c.o
 .rodata        0x1000812c      0x118 CMakeFiles/main.dir/Users/a81802/.pico-sdk/sdk/2.2.0/src/rp2_common/hardware_pll/pll.c.o
 .rodata.__func__.0
                0x10008244        0x9 CMakeFiles/main.dir/Users/a81802/.pico-sdk/sdk/2.2.0/src/rp2_common/hardware_pll/pll.c.o
 *fill*         0x1000824d        0x3 
 .rodata        0x10008250       0x9a CMakeFiles/main.dir/Users/a81802/.pico-sdk/sdk/2.2.0/src/rp2_common/pico_double/double_init_rom_rp2040.c.o
 *fill*         0x100082ea        0x2 
 .rodata.__func__.0
                0x100082ec       0x14 CMakeFiles/main.dir/Users/a81802/.pico-sdk/sdk/2.2.0/src/rp2_common/pico_double/double_init_rom_rp2040.c.o
 .rodata        0x10008300       0x8c CMakeFiles/main.dir/Users/a81802/.pico-sdk/sdk/2.2.0/src/rp2_common/pico_float/float_init_rom_rp2040.c.o
 .rodata.__func__.0
                0x1000838c       0x13 CMakeFiles/main.dir/Users/a81802/.pico-sdk/sdk/2.2.0/src/rp2_common/pico_float/float_init_rom_rp2040.c.o
 *fill*         0x1000839f        0x1 
 .rodata.__bi_26
                0x100083a0        0xc CMakeFiles/main.dir/Users/a81802/.pico-sdk/sdk/2.2.0/src/rp2_common/pico_standard_binary_info/standard_binary_info.c.o
 .rodata        0x100083ac       0x40 CMakeFiles/main.dir/Users/a81802/.pico-sdk/sdk/2.2.0/src/rp2_common/pico_standard_binary_info/standard_binary_info.c.o
 .rodata.__bi_34
                0x100083ec        0xc CMakeFiles/main.dir/Users/a81802/.pico-sdk/sdk/2.2.0/src/rp2_common/pico_standard_binary_info/standard_binary_info.c.o
 .rodata.__bi_42
                0x100083f8        0xc CMakeFiles/main.dir/Users/a81802/.pico-sdk/sdk/2.2.0/src/rp2_common/pico_standard_binary_info/standard_binary_info.c.o
 .rodata.__bi_48
                0x10008404        0xc CMakeFiles/main.dir/Users/a81802/.pico-sdk/sdk/2.2.0/src/rp2_common/pico_standard_binary_info/standard_binary_info.c.o
 .rodata.__bi_54
                0x10008410        0xc CMakeFiles/main.dir/Users/a81802/.pico-sdk/sdk/2.2.0/src/rp2_common/pico_standard_binary_info/standard_binary_info.c.o
 .rodata.__bi_60
                0x1000841c        0xc CMakeFiles/main.dir/Users/a81802/.pico-sdk/sdk/2.2.0/src/rp2_common/pico_standard_binary_info/standard_binary_info.c.o
 .rodata.__bi_78
                0x10008428        0xc CMakeFiles/main.dir/Users/a81802/.pico-sdk/sdk/2.2.0/src/rp2_common/pico_standard_binary_info/standard_binary_info.c.o
 .rodata.__bi_84
                0x10008434        0xc CMakeFiles/main.dir/Users/a81802/.pico-sdk/sdk/2.2.0/src/rp2_common/pico_standard_binary_info/standard_binary_info.c.o
 .rodata        0x10008440       0x18 CMakeFiles/main.dir/Users/a81802/.pico-sdk/sdk/2.2.0/src/rp2_common/pico_printf/printf.c.o
 .rodata._vsnprintf
                0x10008458      0x19c CMakeFiles/main.dir/Users/a81802/.pico-sdk/sdk/2.2.0/src/rp2_common/pico_printf/printf.c.o
 *fill*         0x100085f4        0x4 
 .rodata.pow10.0
                0x100085f8       0x50 CMakeFiles/main.dir/Users/a81802/.pico-sdk/sdk/2.2.0/src/rp2_common/pico_printf/printf.c.o
 .rodata        0x10008648       0x43 CMakeFiles/main.dir/Users/a81802/.pico-sdk/sdk/2.2.0/src/rp2_common/pico_clib_interface/newlib_interface.c.o
 *fill*         0x1000868b        0x1 
 .rodata.crlf_str.0
                0x1000868c        0x2 CMakeFiles/main.dir/Users/a81802/.pico-sdk/sdk/2.2.0/src/rp2_common/pico_stdio/stdio.c.o
 *fill*         0x1000868e        0x2 
 .rodata.__bi_50.13
                0x10008690        0x8 CMakeFiles/main.dir/Users/a81802/.pico-sdk/sdk/2.2.0/src/rp2_common/pico_stdio_uart/stdio_uart.c.o
 .rodata.__bi_49.11
                0x10008698        0x8 CMakeFiles/main.dir/Users/a81802/.pico-sdk/sdk/2.2.0/src/rp2_common/pico_stdio_uart/stdio_uart.c.o
 .rodata        0x100086a0       0x2b CMakeFiles/main.dir/Users/a81802/.pico-sdk/sdk/2.2.0/src/rp2_common/pico_stdio_uart/stdio_uart.c.o
 *fill*         0x100086cb        0x1 
 .rodata.__bi_45.9
                0x100086cc        0xc CMakeFiles/main.dir/Users/a81802/.pico-sdk/sdk/2.2.0/src/rp2_common/pico_stdio_uart/stdio_uart.c.o
 .rodata        0x100086d8       0x64 CMakeFiles/main.dir/Users/a81802/.pico-sdk/sdk/2.2.0/src/rp2_common/hardware_i2c/i2c.c.o
 .rodata.__func__.0
                0x1000873c       0x11 CMakeFiles/main.dir/Users/a81802/.pico-sdk/sdk/2.2.0/src/rp2_common/hardware_i2c/i2c.c.o
                0x10008750                        . = ALIGN (0x4)
 *fill*         0x1000874d        0x3 
 *(SORT_BY_ALIGNMENT(SORT_BY_NAME(.flashdata*)))
                0x10008750                        . = ALIGN (0x4)

.ARM.extab
 *(.ARM.extab* .gnu.linkonce.armextab.*)
                0x10008750                        __exidx_start = .

.ARM.exidx
 *(.ARM.exidx* .gnu.linkonce.armexidx.*)
                0x10008750                        __exidx_end = .
                0x10008750                        . = ALIGN (0x4)
                0x10008750                        __binary_info_start = .

.binary_info    0x10008750       0x2c
 *(.binary_info.keep.*)
 .binary_info.keep.__bi_ptr26
                0x10008750        0x4 CMakeFiles/main.dir/Users/a81802/.pico-sdk/sdk/2.2.0/src/rp2_common/pico_standard_binary_info/standard_binary_info.c.o
 .binary_info.keep.__bi_ptr34
                0x10008754        0x4 CMakeFiles/main.dir/Users/a81802/.pico-sdk/sdk/2.2.0/src/rp2_common/pico_standard_binary_info/standard_binary_info.c.o
 .binary_info.keep.__bi_ptr42
                0x10008758        0x4 CMakeFiles/main.dir/Users/a81802/.pico-sdk/sdk/2.2.0/src/rp2_common/pico_standard_binary_info/standard_binary_info.c.o
 .binary_info.keep.__bi_ptr48
                0x1000875c        0x4 CMakeFiles/main.dir/Users/a81802/.pico-sdk/sdk/2.2.0/src/rp2_common/pico_standard_binary_info/standard_binary_info.c.o
 .binary_info.keep.__bi_ptr54
                0x10008760        0x4 CMakeFiles/main.dir/Users/a81802/.pico-sdk/sdk/2.2.0/src/rp2_common/pico_standard_binary_info/standard_binary_info.c.o
 .binary_info.keep.__bi_ptr60
                0x10008764        0x4 CMakeFiles/main.dir/Users/a81802/.pico-sdk/sdk/2.2.0/src/rp2_common/pico_standard_binary_info/standard_binary_info.c.o
 .binary_info.keep.__bi_ptr78
                0x10008768        0x4 CMakeFiles/main.dir/Users/a81802/.pico-sdk/sdk/2.2.0/src/rp2_common/pico_standard_binary_info/standard_binary_info.c.o
 .binary_info.keep.__bi_ptr84
                0x1000876c        0x4 CMakeFiles/main.dir/Users/a81802/.pico-sdk/sdk/2.2.0/src/rp2_common/pico_standard_binary_info/standard_binary_info.c.o
 *(.binary_info.*)
 .binary_info.__bi_ptr45
                0x10008770        0x4 CMakeFiles/main.dir/Users/a81802/.pico-sdk/sdk/2.2.0/src/rp2_common/pico_stdio_uart/stdio_uart.c.o
 .binary_info.__bi_ptr49
                0x10008774        0x4 CMakeFiles/main.dir/Users/a81802/.pico-sdk/sdk/2.2.0/src/rp2_common/pico_stdio_uart/stdio_uart.c.o
 .binary_info.__bi_ptr50
                0x10008778        0x4 CMakeFiles/main.dir/Users/a81802/.pico-sdk/sdk/2.2.0/src/rp2_common/pico_stdio_uart/stdio_uart.c.o
                0x1000877c                        __binary_info_end = .
                0x1000877c                        . = ALIGN (0x4)

.ram_vector_table
                0x20000000       0xc0
 *(.ram_vector_table)
 .ram_vector_table
                0x20000000       0xc0 CMakeFiles/main.dir/Users/a81802/.pico-sdk/sdk/2.2.0/src/rp2_common/pico_runtime_init/runtime_init.c.o
                0x20000000                ram_vector_table

.uninitialized_data
                0x200000c0        0x0
                0x200000c0                        . = ALIGN (0x4)
 *(.uninitialized_data*)

.data           0x200000c0      0x450 load address 0x1000877c
                0x200000c0                        __data_start__ = .
 *(vtable)
 *(.time_critical*)
 .time_critical.mutex_try_enter
                0x200000c0       0xb4 CMakeFiles/main.dir/Users/a81802/.pico-sdk/sdk/2.2.0/src/common/pico_sync/mutex.c.o
                0x200000c0                mutex_try_enter
 .time_critical.mutex_try_enter_block_until
                0x20000174       0x56 CMakeFiles/main.dir/Users/a81802/.pico-sdk/sdk/2.2.0/src/common/pico_sync/mutex.c.o
                0x20000174                mutex_try_enter_block_until
 *fill*         0x200001ca        0x2 
 .time_critical.mutex_enter_block_until
                0x200001cc       0xf8 CMakeFiles/main.dir/Users/a81802/.pico-sdk/sdk/2.2.0/src/common/pico_sync/mutex.c.o
                0x200001cc                mutex_enter_block_until
 .time_critical.mutex_exit
                0x200002c4       0xa0 CMakeFiles/main.dir/Users/a81802/.pico-sdk/sdk/2.2.0/src/common/pico_sync/mutex.c.o
                0x200002c4                mutex_exit
 .time_critical.spi_write_read_blocking
                0x20000364       0x9a CMakeFiles/main.dir/Users/a81802/.pico-sdk/sdk/2.2.0/src/rp2_common/hardware_spi/spi.c.o
                0x20000364                spi_write_read_blocking
 *(.text*)
 *fill*         0x200003fe        0x2 
 .text          0x20000400        0x4 /Users/a81802/.pico-sdk/toolchain/14_2_Rel1/bin/../lib/gcc/arm-none-eabi/14.2.1/thumb/v6-m/nofp/libgcc.a(_dvmd_tls.o)
                0x20000400                __aeabi_ldiv0
                0x20000400                __aeabi_idiv0
 *fill*         0x20000404        0x4 
 .text.__stub   0x20000408       0x50 linker stubs
                0x20000458                        . = ALIGN (0x4)
 *(.rodata*)
                0x20000458                        . = ALIGN (0x4)
 *(.data*)
 .data._ZL4addr
                0x20000458        0x1 CMakeFiles/main.dir/accel.cpp.o
 .data.striped_spin_lock_num
                0x20000459        0x1 CMakeFiles/main.dir/Users/a81802/.pico-sdk/sdk/2.2.0/src/rp2_common/hardware_sync/sync.c.o
 *fill*         0x2000045a        0x2 
 .data          0x2000045c       0x48 CMakeFiles/main.dir/Users/a81802/.pico-sdk/sdk/2.2.0/src/rp2_common/hardware_irq/irq_handler_chain.S.o
                0x2000045c                irq_handler_chain_slots
                0x2000048c                irq_handler_chain_first_slot
                0x20000496                irq_handler_chain_remove_tail
 .data.default_alarm_pool
                0x200004a4       0x18 CMakeFiles/main.dir/Users/a81802/.pico-sdk/sdk/2.2.0/src/common/pico_time/time.c.o
 *fill*         0x200004bc        0x4 
 .data.aeabi_bits_funcs
                0x200004c0       0x10 CMakeFiles/main.dir/Users/a81802/.pico-sdk/sdk/2.2.0/src/rp2_common/pico_bit_ops/bit_ops_aeabi.S.o
                0x200004c0                aeabi_bits_funcs
                0x200004d0                aeabi_bits_funcs_end
 .data.aeabi_mem_funcs
                0x200004d0       0x10 CMakeFiles/main.dir/Users/a81802/.pico-sdk/sdk/2.2.0/src/rp2_common/pico_mem_ops/mem_ops_aeabi.S.o
                0x200004d0                aeabi_mem_funcs
                0x200004e0                aeabi_mem_funcs_end
 .data.stdio_uart
                0x200004e0       0x18 CMakeFiles/main.dir/Users/a81802/.pico-sdk/sdk/2.2.0/src/rp2_common/pico_stdio_uart/stdio_uart.c.o
                0x200004e0                stdio_uart
 .data.i2c0_inst
                0x200004f8        0x8 CMakeFiles/main.dir/Users/a81802/.pico-sdk/sdk/2.2.0/src/rp2_common/hardware_i2c/i2c.c.o
                0x200004f8                i2c0_inst
 .data.i2c1_inst
                0x20000500        0x8 CMakeFiles/main.dir/Users/a81802/.pico-sdk/sdk/2.2.0/src/rp2_common/hardware_i2c/i2c.c.o
                0x20000500                i2c1_inst
                0x20000508                        . = ALIGN (0x4)
 *(.after_data.*)
                0x20000508                        . = ALIGN (0x4)
                0x20000508                        PROVIDE (__mutex_array_start = .)
 *(SORT_BY_NAME(.mutex_array.*))
 *(.mutex_array)
 .mutex_array   0x20000508        0x8 CMakeFiles/main.dir/Users/a81802/.pico-sdk/sdk/2.2.0/src/rp2_common/pico_stdio/stdio.c.o
                0x20000510                        PROVIDE (__mutex_array_end = .)
                0x20000510                        . = ALIGN (0x4)
 *(.jcr)
                0x20000510                        . = ALIGN (0x4)

.tm_clone_table
                0x20000510        0x0 load address 0x10008bcc
 .tm_clone_table
                0x20000510        0x0 /Users/a81802/.pico-sdk/toolchain/14_2_Rel1/bin/../lib/gcc/arm-none-eabi/14.2.1/thumb/v6-m/nofp/crtbegin.o
 .tm_clone_table
                0x20000510        0x0 /Users/a81802/.pico-sdk/toolchain/14_2_Rel1/bin/../lib/gcc/arm-none-eabi/14.2.1/thumb/v6-m/nofp/crtend.o

.igot.plt       0x20000510        0x0 load address 0x10008bcc
 .igot.plt      0x20000510        0x0 /Users/a81802/.pico-sdk/toolchain/14_2_Rel1/bin/../lib/gcc/arm-none-eabi/14.2.1/thumb/v6-m/nofp/crtbegin.o

.tdata          0x20000510        0x0 load address 0x10008bcc
                0x20000510                        . = ALIGN (0x4)
 *(.tdata .tdata.* .gnu.linkonce.td.*)
                0x20000510                        __tdata_end = .
                0x20000510                        PROVIDE (__data_end__ = .)
                0x1000877c                        __etext = LOADADDR (.data)

.tbss           0x20000510        0x0 load address 0x10008bcc
                0x20000510                        . = ALIGN (0x4)
                0x20000510                        __bss_start__ = .
                0x20000510                        __tls_base = .
 *(.tbss .tbss.* .gnu.linkonce.tb.*)
 *(.tcommon)
                0x20000510                        __tls_end = .

.bss            0x20000510      0x3f8 load address 0x10008bcc
                0x20000510                        . = ALIGN (0x4)
                0x20000510                        __tbss_end = .
 *(SORT_BY_ALIGNMENT(SORT_BY_NAME(.bss*)))
 .bss.default_alarm_pool_entries
                0x20000510      0x180 CMakeFiles/main.dir/Users/a81802/.pico-sdk/sdk/2.2.0/src/common/pico_time/time.c.o
 .bss.chars_available_callback
                0x20000690        0x4 CMakeFiles/main.dir/Users/a81802/.pico-sdk/sdk/2.2.0/src/rp2_common/pico_stdio_uart/stdio_uart.c.o
 .bss.chars_available_param
                0x20000694        0x4 CMakeFiles/main.dir/Users/a81802/.pico-sdk/sdk/2.2.0/src/rp2_common/pico_stdio_uart/stdio_uart.c.o
 .bss.claimed   0x20000698        0x1 CMakeFiles/main.dir/Users/a81802/.pico-sdk/sdk/2.2.0/src/rp2_common/hardware_timer/timer.c.o
 *fill*         0x20000699        0x3 
 .bss.configured_freq
                0x2000069c       0x28 CMakeFiles/main.dir/Users/a81802/.pico-sdk/sdk/2.2.0/src/rp2_common/hardware_clocks/clocks.c.o
 .bss.drivers   0x200006c4        0x4 CMakeFiles/main.dir/Users/a81802/.pico-sdk/sdk/2.2.0/src/rp2_common/pico_stdio/stdio.c.o
 .bss.filter    0x200006c8        0x4 CMakeFiles/main.dir/Users/a81802/.pico-sdk/sdk/2.2.0/src/rp2_common/pico_stdio/stdio.c.o
 .bss.object.0  0x200006cc       0x18 /Users/a81802/.pico-sdk/toolchain/14_2_Rel1/bin/../lib/gcc/arm-none-eabi/14.2.1/thumb/v6-m/nofp/crtbegin.o
 .bss.pools     0x200006e4       0x10 CMakeFiles/main.dir/Users/a81802/.pico-sdk/sdk/2.2.0/src/common/pico_time/time.c.o
 .bss.sd_table  0x200006f4      0x100 CMakeFiles/main.dir/Users/a81802/.pico-sdk/sdk/2.2.0/src/rp2_common/pico_double/double_init_rom_rp2040.c.o
                0x200006f4                sd_table
 .bss.sf_clz_func
                0x200007f4        0x4 CMakeFiles/main.dir/Users/a81802/.pico-sdk/sdk/2.2.0/src/rp2_common/pico_double/double_init_rom_rp2040.c.o
                0x200007f4                sf_clz_func
 .bss.sf_table  0x200007f8      0x100 CMakeFiles/main.dir/Users/a81802/.pico-sdk/sdk/2.2.0/src/rp2_common/pico_float/float_init_rom_rp2040.c.o
                0x200007f8                sf_table
 .bss.sleep_notifier
                0x200008f8        0x4 CMakeFiles/main.dir/Users/a81802/.pico-sdk/sdk/2.2.0/src/common/pico_time/time.c.o
 .bss.uart_char_to_line_feed
                0x200008fc        0x4 CMakeFiles/main.dir/Users/a81802/.pico-sdk/sdk/2.2.0/src/rp2_common/hardware_uart/uart.c.o
                0x200008fc                uart_char_to_line_feed
 .bss.uart_instance
                0x20000900        0x4 CMakeFiles/main.dir/Users/a81802/.pico-sdk/sdk/2.2.0/src/rp2_common/pico_stdio_uart/stdio_uart.c.o
 .bss.irq_handler_chain_free_slot_head
                0x20000904        0x1 CMakeFiles/main.dir/Users/a81802/.pico-sdk/sdk/2.2.0/src/rp2_common/hardware_irq/irq.c.o
 *(COMMON)
                0x20000908                        . = ALIGN (0x4)
 *fill*         0x20000905        0x3 
                0x20000908                        __bss_end__ = .

.heap           0x20000908      0x800 load address 0x10008bcc
                0x20000908                        __end__ = .
                0x20000908                        end = __end__
 *(.heap*)
 .heap          0x20000908      0x800 CMakeFiles/main.dir/Users/a81802/.pico-sdk/sdk/2.2.0/src/rp2_common/pico_crt0/crt0.S.o
                0x20040000                        __HeapLimit = (ORIGIN (RAM) + LENGTH (RAM))

.scratch_x      0x20040000        0x0 load address 0x10008bcc
                0x20040000                        __scratch_x_start__ = .
 *(.scratch_x.*)
                0x20040000                        . = ALIGN (0x4)
                0x20040000                        __scratch_x_end__ = .
                0x10008bcc                        __scratch_x_source__ = LOADADDR (.scratch_x)

.scratch_y      0x20041000        0x0 load address 0x10008bcc
                0x20041000                        __scratch_y_start__ = .
 *(.scratch_y.*)
                0x20041000                        . = ALIGN (0x4)
                0x20041000                        __scratch_y_end__ = .
                0x10008bcc                        __scratch_y_source__ = LOADADDR (.scratch_y)

.stack1_dummy
 *(.stack1*)

.stack_dummy    0x20041000      0x800
 *(.stack*)
 .stack         0x20041000      0x800 CMakeFiles/main.dir/Users/a81802/.pico-sdk/sdk/2.2.0/src/rp2_common/pico_crt0/crt0.S.o

.rel.dyn        0x20041800        0x0
 .rel.iplt      0x20041800        0x0 /Users/a81802/.pico-sdk/toolchain/14_2_Rel1/bin/../lib/gcc/arm-none-eabi/14.2.1/thumb/v6-m/nofp/crtbegin.o

.flash_end      0x10008bcc        0x0
 *(.embedded_end_block*)
                0x10008bcc                        PROVIDE (__flash_binary_end = .)
                0x20040000                        __StackLimit = (ORIGIN (RAM) + LENGTH (RAM))
                0x20041000                        __StackOneTop = (ORIGIN (SCRATCH_X) + LENGTH (SCRATCH_X))
                0x20042000                        __StackTop = (ORIGIN (SCRATCH_Y) + LENGTH (SCRATCH_Y))
                0x20041000                        __StackOneBottom = (__StackOneTop - SIZEOF (.stack1_dummy))
                0x20041800                        __StackBottom = (__StackTop - SIZEOF (.stack_dummy))
                0x20042000                        PROVIDE (__stack = __StackTop)
                [!provide]                        PROVIDE (__heap_start = __end__)
                [!provide]                        PROVIDE (__heap_end = __HeapLimit)
                [!provide]                        PROVIDE (__tls_align = MAX (ALIGNOF (.tdata), ALIGNOF (.tbss)))
                [!provide]                        PROVIDE (__tls_size_align = (((__tls_size + __tls_align) - 0x1) & ~ ((__tls_align - 0x1))))
                [!provide]                        PROVIDE (__arm32_tls_tcb_offset = MAX (0x8, __tls_align))
                [!provide]                        PROVIDE (_end = __end__)
                [!provide]                        PROVIDE (__llvm_libc_heap_limit = __HeapLimit)
                0x00000001                        ASSERT ((__StackLimit >= __HeapLimit), region RAM overflowed)
                0x00000001                        ASSERT (((__binary_info_header_end - __logical_binary_start) <= 0x100), Binary info must be in first 256 bytes of the binary)
LOAD CMakeFiles/main.dir/main.cpp.o
LOAD CMakeFiles/main.dir/adc.cpp.o
LOAD CMakeFiles/main.dir/accel.cpp.o
LOAD CMakeFiles/main.dir/servo.cpp.o
LOAD CMakeFiles/main.dir/Users/a81802/.pico-sdk/sdk/2.2.0/src/rp2_common/pico_stdlib/stdlib.c.o
LOAD CMakeFiles/main.dir/Users/a81802/.pico-sdk/sdk/2.2.0/src/rp2_common/hardware_gpio/gpio.c.o
LOAD CMakeFiles/main.dir/Users/a81802/.pico-sdk/sdk/2.2.0/src/rp2040/pico_platform/platform.c.o
LOAD CMakeFiles/main.dir/Users/a81802/.pico-sdk/sdk/2.2.0/src/rp2_common/pico_platform_common/common.c.o
LOAD CMakeFiles/main.dir/Users/a81802/.pico-sdk/sdk/2.2.0/src/rp2_common/pico_platform_panic/panic.c.o
LOAD CMakeFiles/main.dir/Users/a81802/.pico-sdk/sdk/2.2.0/src/common/hardware_claim/claim.c.o
LOAD CMakeFiles/main.dir/Users/a81802/.pico-sdk/sdk/2.2.0/src/rp2_common/hardware_sync/sync.c.o
LOAD CMakeFiles/main.dir/Users/a81802/.pico-sdk/sdk/2.2.0/src/rp2_common/hardware_sync_spin_lock/sync_spin_lock.c.o
LOAD CMakeFiles/main.dir/Users/a81802/.pico-sdk/sdk/2.2.0/src/rp2_common/hardware_irq/irq.c.o
LOAD CMakeFiles/main.dir/Users/a81802/.pico-sdk/sdk/2.2.0/src/rp2_common/hardware_irq/irq_handler_chain.S.o
LOAD CMakeFiles/main.dir/Users/a81802/.pico-sdk/sdk/2.2.0/src/common/pico_sync/sem.c.o
LOAD CMakeFiles/main.dir/Users/a81802/.pico-sdk/sdk/2.2.0/src/common/pico_sync/lock_core.c.o
LOAD CMakeFiles/main.dir/Users/a81802/.pico-sdk/sdk/2.2.0/src/common/pico_sync/mutex.c.o
LOAD CMakeFiles/main.dir/Users/a81802/.pico-sdk/sdk/2.2.0/src/common/pico_sync/critical_section.c.o
LOAD CMakeFiles/main.dir/Users/a81802/.pico-sdk/sdk/2.2.0/src/common/pico_time/time.c.o
LOAD CMakeFiles/main.dir/Users/a81802/.pico-sdk/sdk/2.2.0/src/common/pico_time/timeout_helper.c.o
LOAD CMakeFiles/main.dir/Users/a81802/.pico-sdk/sdk/2.2.0/src/rp2_common/hardware_timer/timer.c.o
LOAD CMakeFiles/main.dir/Users/a81802/.pico-sdk/sdk/2.2.0/src/common/pico_util/datetime.c.o
LOAD CMakeFiles/main.dir/Users/a81802/.pico-sdk/sdk/2.2.0/src/common/pico_util/pheap.c.o
LOAD CMakeFiles/main.dir/Users/a81802/.pico-sdk/sdk/2.2.0/src/common/pico_util/queue.c.o
LOAD CMakeFiles/main.dir/Users/a81802/.pico-sdk/sdk/2.2.0/src/rp2_common/hardware_uart/uart.c.o
LOAD CMakeFiles/main.dir/Users/a81802/.pico-sdk/sdk/2.2.0/src/rp2_common/hardware_clocks/clocks.c.o
LOAD CMakeFiles/main.dir/Users/a81802/.pico-sdk/sdk/2.2.0/src/rp2_common/hardware_pll/pll.c.o
LOAD CMakeFiles/main.dir/Users/a81802/.pico-sdk/sdk/2.2.0/src/rp2_common/hardware_vreg/vreg.c.o
LOAD CMakeFiles/main.dir/Users/a81802/.pico-sdk/sdk/2.2.0/src/rp2_common/hardware_watchdog/watchdog.c.o
LOAD CMakeFiles/main.dir/Users/a81802/.pico-sdk/sdk/2.2.0/src/rp2_common/hardware_ticks/ticks.c.o
LOAD CMakeFiles/main.dir/Users/a81802/.pico-sdk/sdk/2.2.0/src/rp2_common/pico_bootrom/bootrom.c.o
LOAD CMakeFiles/main.dir/Users/a81802/.pico-sdk/sdk/2.2.0/src/rp2_common/pico_bootrom/bootrom_lock.c.o
LOAD CMakeFiles/main.dir/Users/a81802/.pico-sdk/sdk/2.2.0/src/rp2_common/hardware_boot_lock/boot_lock.c.o
LOAD CMakeFiles/main.dir/Users/a81802/.pico-sdk/sdk/2.2.0/src/rp2_common/pico_flash/flash.c.o
LOAD CMakeFiles/main.dir/Users/a81802/.pico-sdk/sdk/2.2.0/src/rp2_common/hardware_xosc/xosc.c.o
LOAD CMakeFiles/main.dir/Users/a81802/.pico-sdk/sdk/2.2.0/src/rp2_common/hardware_divider/divider.S.o
LOAD CMakeFiles/main.dir/Users/a81802/.pico-sdk/sdk/2.2.0/src/rp2_common/pico_runtime/runtime.c.o
LOAD CMakeFiles/main.dir/Users/a81802/.pico-sdk/sdk/2.2.0/src/rp2_common/pico_runtime_init/runtime_init.c.o
LOAD CMakeFiles/main.dir/Users/a81802/.pico-sdk/sdk/2.2.0/src/rp2_common/pico_runtime_init/runtime_init_clocks.c.o
LOAD CMakeFiles/main.dir/Users/a81802/.pico-sdk/sdk/2.2.0/src/rp2_common/pico_runtime_init/runtime_init_stack_guard.c.o
LOAD CMakeFiles/main.dir/Users/a81802/.pico-sdk/sdk/2.2.0/src/rp2_common/pico_bit_ops/bit_ops_aeabi.S.o
LOAD CMakeFiles/main.dir/Users/a81802/.pico-sdk/sdk/2.2.0/src/rp2_common/pico_divider/divider_hardware.S.o
LOAD CMakeFiles/main.dir/Users/a81802/.pico-sdk/sdk/2.2.0/src/rp2_common/pico_double/double_aeabi_rp2040.S.o
LOAD CMakeFiles/main.dir/Users/a81802/.pico-sdk/sdk/2.2.0/src/rp2_common/pico_double/double_init_rom_rp2040.c.o
LOAD CMakeFiles/main.dir/Users/a81802/.pico-sdk/sdk/2.2.0/src/rp2_common/pico_double/double_math.c.o
LOAD CMakeFiles/main.dir/Users/a81802/.pico-sdk/sdk/2.2.0/src/rp2_common/pico_double/double_v1_rom_shim_rp2040.S.o
LOAD CMakeFiles/main.dir/Users/a81802/.pico-sdk/sdk/2.2.0/src/rp2_common/pico_int64_ops/pico_int64_ops_aeabi.S.o
LOAD CMakeFiles/main.dir/Users/a81802/.pico-sdk/sdk/2.2.0/src/rp2_common/pico_float/float_aeabi_rp2040.S.o
LOAD CMakeFiles/main.dir/Users/a81802/.pico-sdk/sdk/2.2.0/src/rp2_common/pico_float/float_init_rom_rp2040.c.o
LOAD CMakeFiles/main.dir/Users/a81802/.pico-sdk/sdk/2.2.0/src/rp2_common/pico_float/float_math.c.o
LOAD CMakeFiles/main.dir/Users/a81802/.pico-sdk/sdk/2.2.0/src/rp2_common/pico_float/float_v1_rom_shim_rp2040.S.o
LOAD CMakeFiles/main.dir/Users/a81802/.pico-sdk/sdk/2.2.0/src/rp2_common/pico_malloc/malloc.c.o
LOAD CMakeFiles/main.dir/Users/a81802/.pico-sdk/sdk/2.2.0/src/rp2_common/pico_mem_ops/mem_ops_aeabi.S.o
LOAD CMakeFiles/main.dir/Users/a81802/.pico-sdk/sdk/2.2.0/src/rp2_common/pico_atomic/atomic.c.o
LOAD CMakeFiles/main.dir/Users/a81802/.pico-sdk/sdk/2.2.0/src/rp2_common/pico_cxx_options/new_delete.cpp.o
LOAD CMakeFiles/main.dir/Users/a81802/.pico-sdk/sdk/2.2.0/src/rp2_common/pico_standard_binary_info/standard_binary_info.c.o
LOAD CMakeFiles/main.dir/Users/a81802/.pico-sdk/sdk/2.2.0/src/rp2_common/pico_printf/printf.c.o
LOAD CMakeFiles/main.dir/Users/a81802/.pico-sdk/sdk/2.2.0/src/rp2_common/pico_crt0/crt0.S.o
LOAD CMakeFiles/main.dir/Users/a81802/.pico-sdk/sdk/2.2.0/src/rp2_common/pico_clib_interface/newlib_interface.c.o
LOAD CMakeFiles/main.dir/Users/a81802/.pico-sdk/sdk/2.2.0/src/rp2_common/pico_stdio/stdio.c.o
LOAD CMakeFiles/main.dir/Users/a81802/.pico-sdk/sdk/2.2.0/src/rp2_common/pico_stdio_uart/stdio_uart.c.o
LOAD CMakeFiles/main.dir/Users/a81802/.pico-sdk/sdk/2.2.0/src/rp2_common/hardware_spi/spi.c.o
LOAD CMakeFiles/main.dir/Users/a81802/.pico-sdk/sdk/2.2.0/src/rp2_common/hardware_i2c/i2c.c.o
LOAD pico-sdk/src/rp2040/boot_stage2/CMakeFiles/bs2_default_library.dir/./bs2_default_padded_checksummed.S.o
LOAD /Users/a81802/.pico-sdk/toolchain/14_2_Rel1/bin/../lib/gcc/arm-none-eabi/14.2.1/../../../../arm-none-eabi/lib/thumb/v6-m/nofp/libstdc++.a
LOAD /Users/a81802/.pico-sdk/toolchain/14_2_Rel1/bin/../lib/gcc/arm-none-eabi/14.2.1/../../../../arm-none-eabi/lib/thumb/v6-m/nofp/libm.a
START GROUP
LOAD /Users/a81802/.pico-sdk/toolchain/14_2_Rel1/bin/../lib/gcc/arm-none-eabi/14.2.1/thumb/v6-m/nofp/libgcc.a
LOAD /Users/a81802/.pico-sdk/toolchain/14_2_Rel1/bin/../lib/gcc/arm-none-eabi/14.2.1/../../../../arm-none-eabi/lib/thumb/v6-m/nofp/libg.a
LOAD /Users/a81802/.pico-sdk/toolchain/14_2_Rel1/bin/../lib/gcc/arm-none-eabi/14.2.1/../../../../arm-none-eabi/lib/thumb/v6-m/nofp/libc.a
END GROUP
START GROUP
LOAD /Users/a81802/.pico-sdk/toolchain/14_2_Rel1/bin/../lib/gcc/arm-none-eabi/14.2.1/thumb/v6-m/nofp/libgcc.a
LOAD /Users/a81802/.pico-sdk/toolchain/14_2_Rel1/bin/../lib/gcc/arm-none-eabi/14.2.1/../../../../arm-none-eabi/lib/thumb/v6-m/nofp/libc.a
LOAD /Users/a81802/.pico-sdk/toolchain/14_2_Rel1/bin/../lib/gcc/arm-none-eabi/14.2.1/../../../../arm-none-eabi/lib/thumb/v6-m/nofp/libnosys.a
END GROUP
LOAD /Users/a81802/.pico-sdk/toolchain/14_2_Rel1/bin/../lib/gcc/arm-none-eabi/14.2.1/thumb/v6-m/nofp/crtend.o
LOAD /Users/a81802/.pico-sdk/toolchain/14_2_Rel1/bin/../lib/gcc/arm-none-eabi/14.2.1/thumb/v6-m/nofp/crtn.o
OUTPUT(main.elf elf32-littlearm)
LOAD linker stubs

.ARM.attributes
                0x00000000       0x28
 .ARM.attributes
                0x00000000       0x1e /Users/a81802/.pico-sdk/toolchain/14_2_Rel1/bin/../lib/gcc/arm-none-eabi/14.2.1/thumb/v6-m/nofp/crti.o
 .ARM.attributes
                0x0000001e       0x2c /Users/a81802/.pico-sdk/toolchain/14_2_Rel1/bin/../lib/gcc/arm-none-eabi/14.2.1/thumb/v6-m/nofp/crtbegin.o
 .ARM.attributes
                0x0000004a       0x2c CMakeFiles/main.dir/main.cpp.o
 .ARM.attributes
                0x00000076       0x2c CMakeFiles/main.dir/adc.cpp.o
 .ARM.attributes
                0x000000a2       0x2c CMakeFiles/main.dir/accel.cpp.o
 .ARM.attributes
                0x000000ce       0x2c CMakeFiles/main.dir/Users/a81802/.pico-sdk/sdk/2.2.0/src/rp2_common/hardware_gpio/gpio.c.o
 .ARM.attributes
                0x000000fa       0x2c CMakeFiles/main.dir/Users/a81802/.pico-sdk/sdk/2.2.0/src/rp2_common/pico_platform_panic/panic.c.o
 .ARM.attributes
                0x00000126       0x2c CMakeFiles/main.dir/Users/a81802/.pico-sdk/sdk/2.2.0/src/common/hardware_claim/claim.c.o
 .ARM.attributes
                0x00000152       0x2c CMakeFiles/main.dir/Users/a81802/.pico-sdk/sdk/2.2.0/src/rp2_common/hardware_sync/sync.c.o
 .ARM.attributes
                0x0000017e       0x2c CMakeFiles/main.dir/Users/a81802/.pico-sdk/sdk/2.2.0/src/rp2_common/hardware_sync_spin_lock/sync_spin_lock.c.o
 .ARM.attributes
                0x000001aa       0x2c CMakeFiles/main.dir/Users/a81802/.pico-sdk/sdk/2.2.0/src/rp2_common/hardware_irq/irq.c.o
 .ARM.attributes
                0x000001d6       0x22 CMakeFiles/main.dir/Users/a81802/.pico-sdk/sdk/2.2.0/src/rp2_common/hardware_irq/irq_handler_chain.S.o
 .ARM.attributes
                0x000001f8       0x2c CMakeFiles/main.dir/Users/a81802/.pico-sdk/sdk/2.2.0/src/common/pico_sync/lock_core.c.o
 .ARM.attributes
                0x00000224       0x2c CMakeFiles/main.dir/Users/a81802/.pico-sdk/sdk/2.2.0/src/common/pico_sync/mutex.c.o
 .ARM.attributes
                0x00000250       0x2c CMakeFiles/main.dir/Users/a81802/.pico-sdk/sdk/2.2.0/src/common/pico_time/time.c.o
 .ARM.attributes
                0x0000027c       0x2c CMakeFiles/main.dir/Users/a81802/.pico-sdk/sdk/2.2.0/src/rp2_common/hardware_timer/timer.c.o
 .ARM.attributes
                0x000002a8       0x2c CMakeFiles/main.dir/Users/a81802/.pico-sdk/sdk/2.2.0/src/rp2_common/hardware_uart/uart.c.o
 .ARM.attributes
                0x000002d4       0x2c CMakeFiles/main.dir/Users/a81802/.pico-sdk/sdk/2.2.0/src/rp2_common/hardware_clocks/clocks.c.o
 .ARM.attributes
                0x00000300       0x2c CMakeFiles/main.dir/Users/a81802/.pico-sdk/sdk/2.2.0/src/rp2_common/hardware_pll/pll.c.o